Archive member included to satisfy reference by file (symbol)

C:/Program Files (x86)/Arm GNU Toolchain arm-none-eabi/13.2 Rel1/bin/../lib/gcc/arm-none-eabi/13.2.1/thumb/v7e-m+fp/hard\libc_nano.a(libc_a-exit.o)
                              C:/Program Files (x86)/Arm GNU Toolchain arm-none-eabi/13.2 Rel1/bin/../lib/gcc/arm-none-eabi/13.2.1/thumb/v7e-m+fp/hard/crt0.o (exit)
C:/Program Files (x86)/Arm GNU Toolchain arm-none-eabi/13.2 Rel1/bin/../lib/gcc/arm-none-eabi/13.2.1/thumb/v7e-m+fp/hard\libc_nano.a(libc_a-findfp.o)
                              C:/Program Files (x86)/Arm GNU Toolchain arm-none-eabi/13.2 Rel1/bin/../lib/gcc/arm-none-eabi/13.2.1/thumb/v7e-m+fp/hard\libc_nano.a(libc_a-exit.o) (__stdio_exit_handler)
C:/Program Files (x86)/Arm GNU Toolchain arm-none-eabi/13.2 Rel1/bin/../lib/gcc/arm-none-eabi/13.2.1/thumb/v7e-m+fp/hard\libc_nano.a(libc_a-fwalk.o)
                              C:/Program Files (x86)/Arm GNU Toolchain arm-none-eabi/13.2 Rel1/bin/../lib/gcc/arm-none-eabi/13.2.1/thumb/v7e-m+fp/hard\libc_nano.a(libc_a-findfp.o) (_fwalk_sglue)
C:/Program Files (x86)/Arm GNU Toolchain arm-none-eabi/13.2 Rel1/bin/../lib/gcc/arm-none-eabi/13.2.1/thumb/v7e-m+fp/hard\libc_nano.a(libc_a-stdio.o)
                              C:/Program Files (x86)/Arm GNU Toolchain arm-none-eabi/13.2 Rel1/bin/../lib/gcc/arm-none-eabi/13.2.1/thumb/v7e-m+fp/hard\libc_nano.a(libc_a-findfp.o) (__sread)
C:/Program Files (x86)/Arm GNU Toolchain arm-none-eabi/13.2 Rel1/bin/../lib/gcc/arm-none-eabi/13.2.1/thumb/v7e-m+fp/hard\libc_nano.a(libc_a-memset.o)
                              C:/Program Files (x86)/Arm GNU Toolchain arm-none-eabi/13.2 Rel1/bin/../lib/gcc/arm-none-eabi/13.2.1/thumb/v7e-m+fp/hard/crt0.o (memset)
C:/Program Files (x86)/Arm GNU Toolchain arm-none-eabi/13.2 Rel1/bin/../lib/gcc/arm-none-eabi/13.2.1/thumb/v7e-m+fp/hard\libc_nano.a(libc_a-closer.o)
                              C:/Program Files (x86)/Arm GNU Toolchain arm-none-eabi/13.2 Rel1/bin/../lib/gcc/arm-none-eabi/13.2.1/thumb/v7e-m+fp/hard\libc_nano.a(libc_a-stdio.o) (_close_r)
C:/Program Files (x86)/Arm GNU Toolchain arm-none-eabi/13.2 Rel1/bin/../lib/gcc/arm-none-eabi/13.2.1/thumb/v7e-m+fp/hard\libc_nano.a(libc_a-reent.o)
                              C:/Program Files (x86)/Arm GNU Toolchain arm-none-eabi/13.2 Rel1/bin/../lib/gcc/arm-none-eabi/13.2.1/thumb/v7e-m+fp/hard\libc_nano.a(libc_a-closer.o) (errno)
C:/Program Files (x86)/Arm GNU Toolchain arm-none-eabi/13.2 Rel1/bin/../lib/gcc/arm-none-eabi/13.2.1/thumb/v7e-m+fp/hard\libc_nano.a(libc_a-impure.o)
                              C:/Program Files (x86)/Arm GNU Toolchain arm-none-eabi/13.2 Rel1/bin/../lib/gcc/arm-none-eabi/13.2.1/thumb/v7e-m+fp/hard\libc_nano.a(libc_a-reent.o) (_impure_ptr)
C:/Program Files (x86)/Arm GNU Toolchain arm-none-eabi/13.2 Rel1/bin/../lib/gcc/arm-none-eabi/13.2.1/thumb/v7e-m+fp/hard\libc_nano.a(libc_a-lseekr.o)
                              C:/Program Files (x86)/Arm GNU Toolchain arm-none-eabi/13.2 Rel1/bin/../lib/gcc/arm-none-eabi/13.2.1/thumb/v7e-m+fp/hard\libc_nano.a(libc_a-stdio.o) (_lseek_r)
C:/Program Files (x86)/Arm GNU Toolchain arm-none-eabi/13.2 Rel1/bin/../lib/gcc/arm-none-eabi/13.2.1/thumb/v7e-m+fp/hard\libc_nano.a(libc_a-readr.o)
                              C:/Program Files (x86)/Arm GNU Toolchain arm-none-eabi/13.2 Rel1/bin/../lib/gcc/arm-none-eabi/13.2.1/thumb/v7e-m+fp/hard\libc_nano.a(libc_a-stdio.o) (_read_r)
C:/Program Files (x86)/Arm GNU Toolchain arm-none-eabi/13.2 Rel1/bin/../lib/gcc/arm-none-eabi/13.2.1/thumb/v7e-m+fp/hard\libc_nano.a(libc_a-writer.o)
                              C:/Program Files (x86)/Arm GNU Toolchain arm-none-eabi/13.2 Rel1/bin/../lib/gcc/arm-none-eabi/13.2.1/thumb/v7e-m+fp/hard\libc_nano.a(libc_a-stdio.o) (_write_r)
C:/Program Files (x86)/Arm GNU Toolchain arm-none-eabi/13.2 Rel1/bin/../lib/gcc/arm-none-eabi/13.2.1/thumb/v7e-m+fp/hard\libc_nano.a(libc_a-init.o)
                              C:/Program Files (x86)/Arm GNU Toolchain arm-none-eabi/13.2 Rel1/bin/../lib/gcc/arm-none-eabi/13.2.1/thumb/v7e-m+fp/hard/crt0.o (__libc_init_array)
C:/Program Files (x86)/Arm GNU Toolchain arm-none-eabi/13.2 Rel1/bin/../lib/gcc/arm-none-eabi/13.2.1/thumb/v7e-m+fp/hard\libc_nano.a(libc_a-lock.o)
                              C:/Program Files (x86)/Arm GNU Toolchain arm-none-eabi/13.2 Rel1/bin/../lib/gcc/arm-none-eabi/13.2.1/thumb/v7e-m+fp/hard\libc_nano.a(libc_a-findfp.o) (__retarget_lock_init_recursive)
C:/Program Files (x86)/Arm GNU Toolchain arm-none-eabi/13.2 Rel1/bin/../lib/gcc/arm-none-eabi/13.2.1/thumb/v7e-m+fp/hard\libc_nano.a(libc_a-freer.o)
                              C:/Program Files (x86)/Arm GNU Toolchain arm-none-eabi/13.2 Rel1/bin/../lib/gcc/arm-none-eabi/13.2.1/thumb/v7e-m+fp/hard\libc_nano.a(libc_a-reent.o) (_free_r)
C:/Program Files (x86)/Arm GNU Toolchain arm-none-eabi/13.2 Rel1/bin/../lib/gcc/arm-none-eabi/13.2.1/thumb/v7e-m+fp/hard\libc_nano.a(libc_a-mallocr.o)
[...]
Memory Configuration

Name             Origin             Length             Attributes
RETRAM_interrupts 0x00000000         0x00000600         xrw
SRAM1_text       0x10000000         0x00020000         xrw
SRAM2_data       0x10020000         0x00020000         xrw
SRAM3_ipc_shm    0x10040000         0x00010000         xrw
SRAM4            0x10050000         0x00010000         xrw
*default*        0x00000000         0xffffffff

Linker script and memory map

LOAD C:/Program Files (x86)/Arm GNU Toolchain arm-none-eabi/13.2 Rel1/bin/../lib/gcc/arm-none-eabi/13.2.1/thumb/v7e-m+fp/hard/crti.o
LOAD C:/Program Files (x86)/Arm GNU Toolchain arm-none-eabi/13.2 Rel1/bin/../lib/gcc/arm-none-eabi/13.2.1/thumb/v7e-m+fp/hard/crtbegin.o
LOAD C:/Program Files (x86)/Arm GNU Toolchain arm-none-eabi/13.2 Rel1/bin/../lib/gcc/arm-none-eabi/13.2.1/thumb/v7e-m+fp/hard/crt0.o
START GROUP
LOAD C:/Program Files (x86)/Arm GNU Toolchain arm-none-eabi/13.2 Rel1/bin/../lib/gcc/arm-none-eabi/13.2.1/thumb/v7e-m+fp/hard\libc_nano.a
LOAD C:/Program Files (x86)/Arm GNU Toolchain arm-none-eabi/13.2 Rel1/bin/../lib/gcc/arm-none-eabi/13.2.1/thumb/v7e-m+fp/hard\libm.a
END GROUP
LOAD CMakeFiles/pocat_moon_sw.elf.dir/c/Users/34684/Desktop/PAE/Nanosat/Software/Project/CM4/Drivers/STM32MP1xx_HAL_Driver/Src/stm32mp1xx_hal.c.obj
LOAD CMakeFiles/pocat_moon_sw.elf.dir/c/Users/34684/Desktop/PAE/Nanosat/Software/Project/CM4/Drivers/STM32MP1xx_HAL_Driver/Src/stm32mp1xx_hal_cortex.c.obj
LOAD CMakeFiles/pocat_moon_sw.elf.dir/c/Users/34684/Desktop/PAE/Nanosat/Software/Project/CM4/Drivers/STM32MP1xx_HAL_Driver/Src/stm32mp1xx_hal_dma.c.obj
LOAD CMakeFiles/pocat_moon_sw.elf.dir/c/Users/34684/Desktop/PAE/Nanosat/Software/Project/CM4/Drivers/STM32MP1xx_HAL_Driver/Src/stm32mp1xx_hal_dma_ex.c.obj
LOAD CMakeFiles/pocat_moon_sw.elf.dir/c/Users/34684/Desktop/PAE/Nanosat/Software/Project/CM4/Drivers/STM32MP1xx_HAL_Driver/Src/stm32mp1xx_hal_exti.c.obj
LOAD CMakeFiles/pocat_moon_sw.elf.dir/c/Users/34684/Desktop/PAE/Nanosat/Software/Project/CM4/Drivers/STM32MP1xx_HAL_Driver/Src/stm32mp1xx_hal_gpio.c.obj
LOAD CMakeFiles/pocat_moon_sw.elf.dir/c/Users/34684/Desktop/PAE/Nanosat/Software/Project/CM4/Drivers/STM32MP1xx_HAL_Driver/Src/stm32mp1xx_hal_hsem.c.obj
LOAD CMakeFiles/pocat_moon_sw.elf.dir/c/Users/34684/Desktop/PAE/Nanosat/Software/Project/CM4/Drivers/STM32MP1xx_HAL_Driver/Src/stm32mp1xx_hal_ipcc.c.obj
LOAD CMakeFiles/pocat_moon_sw.elf.dir/c/Users/34684/Desktop/PAE/Nanosat/Software/Project/CM4/Drivers/STM32MP1xx_HAL_Driver/Src/stm32mp1xx_hal_mdma.c.obj
LOAD CMakeFiles/pocat_moon_sw.elf.dir/c/Users/34684/Desktop/PAE/Nanosat/Software/Project/CM4/Drivers/STM32MP1xx_HAL_Driver/Src/stm32mp1xx_hal_pwr.c.obj
LOAD CMakeFiles/pocat_moon_sw.elf.dir/c/Users/34684/Desktop/PAE/Nanosat/Software/Project/CM4/Drivers/STM32MP1xx_HAL_Driver/Src/stm32mp1xx_hal_pwr_ex.c.obj
LOAD CMakeFiles/pocat_moon_sw.elf.dir/c/Users/34684/Desktop/PAE/Nanosat/Software/Project/CM4/Drivers/STM32MP1xx_HAL_Driver/Src/stm32mp1xx_hal_rcc.c.obj
LOAD CMakeFiles/pocat_moon_sw.elf.dir/c/Users/34684/Desktop/PAE/Nanosat/Software/Project/CM4/Drivers/STM32MP1xx_HAL_Driver/Src/stm32mp1xx_hal_rcc_ex.c.obj
LOAD CMakeFiles/pocat_moon_sw.elf.dir/c/Users/34684/Desktop/PAE/Nanosat/Software/Project/CM4/Drivers/STM32MP1xx_HAL_Driver/Src/stm32mp1xx_hal_tim.c.obj
LOAD CMakeFiles/pocat_moon_sw.elf.dir/c/Users/34684/Desktop/PAE/Nanosat/Software/Project/CM4/Drivers/STM32MP1xx_HAL_Driver/Src/stm32mp1xx_hal_tim_ex.c.obj
LOAD CMakeFiles/pocat_moon_sw.elf.dir/c/Users/34684/Desktop/PAE/Nanosat/Software/Project/CM4/Common/System/system_stm32mp1xx.c.obj
LOAD CMakeFiles/pocat_moon_sw.elf.dir/c/Users/34684/Desktop/PAE/Nanosat/Software/Project/CM4/Middlewares/Third_Party/FreeRTOS/croutine.c.obj
LOAD CMakeFiles/pocat_moon_sw.elf.dir/c/Users/34684/Desktop/PAE/Nanosat/Software/Project/CM4/Middlewares/Third_Party/FreeRTOS/event_groups.c.obj
LOAD CMakeFiles/pocat_moon_sw.elf.dir/c/Users/34684/Desktop/PAE/Nanosat/Software/Project/CM4/Middlewares/Third_Party/FreeRTOS/list.c.obj
LOAD CMakeFiles/pocat_moon_sw.elf.dir/c/Users/34684/Desktop/PAE/Nanosat/Software/Project/CM4/Middlewares/Third_Party/FreeRTOS/queue.c.obj
LOAD CMakeFiles/pocat_moon_sw.elf.dir/c/Users/34684/Desktop/PAE/Nanosat/Software/Project/CM4/Middlewares/Third_Party/FreeRTOS/stream_buffer.c.obj
LOAD CMakeFiles/pocat_moon_sw.elf.dir/c/Users/34684/Desktop/PAE/Nanosat/Software/Project/CM4/Middlewares/Third_Party/FreeRTOS/tasks.c.obj
LOAD CMakeFiles/pocat_moon_sw.elf.dir/c/Users/34684/Desktop/PAE/Nanosat/Software/Project/CM4/Middlewares/Third_Party/FreeRTOS/timers.c.obj
LOAD CMakeFiles/pocat_moon_sw.elf.dir/c/Users/34684/Desktop/PAE/Nanosat/Software/Project/CM4/Middlewares/Third_Party/FreeRTOS/portable/GCC/ARM_CM4F/port.c.obj
LOAD CMakeFiles/pocat_moon_sw.elf.dir/c/Users/34684/Desktop/PAE/Nanosat/Software/Project/CM4/Middlewares/Third_Party/FreeRTOS/portable/MemMang/heap_4.c.obj
LOAD CMakeFiles/pocat_moon_sw.elf.dir/c/Users/34684/Desktop/PAE/Nanosat/Software/Project/CM4/Middlewares/Third_Party/FreeRTOS/CMSIS_RTOS/cmsis_os.c.obj
LOAD CMakeFiles/pocat_moon_sw.elf.dir/c/Users/34684/Desktop/PAE/Nanosat/Software/Project/CM4/Application/Src/Services/Events/Handlers/evt_adcs_handlers.c.obj
LOAD CMakeFiles/pocat_moon_sw.elf.dir/c/Users/34684/Desktop/PAE/Nanosat/Software/Project/CM4/Application/Src/Services/Events/Handlers/evt_comms_handlers.c.obj
LOAD CMakeFiles/pocat_moon_sw.elf.dir/c/Users/34684/Desktop/PAE/Nanosat/Software/Project/CM4/Application/Src/Services/Events/Handlers/evt_eps_handlers.c.obj
LOAD CMakeFiles/pocat_moon_sw.elf.dir/c/Users/34684/Desktop/PAE/Nanosat/Software/Project/CM4/Application/Src/Services/Events/Handlers/evt_health_handlers.c.obj
LOAD CMakeFiles/pocat_moon_sw.elf.dir/c/Users/34684/Desktop/PAE/Nanosat/Software/Project/CM4/Application/Src/Services/Events/Handlers/evt_obdh_handlers.c.obj
LOAD CMakeFiles/pocat_moon_sw.elf.dir/c/Users/34684/Desktop/PAE/Nanosat/Software/Project/CM4/Application/Src/Services/Events/Handlers/evt_payload_handlers.c.obj
LOAD CMakeFiles/pocat_moon_sw.elf.dir/c/Users/34684/Desktop/PAE/Nanosat/Software/Project/CM4/Application/Src/Services/Events/evt_core.c.obj
LOAD CMakeFiles/pocat_moon_sw.elf.dir/c/Users/34684/Desktop/PAE/Nanosat/Software/Project/CM4/Application/Src/Services/Events/evt_tables.c.obj
LOAD CMakeFiles/pocat_moon_sw.elf.dir/c/Users/34684/Desktop/PAE/Nanosat/Software/Project/CM4/Application/Src/Services/Manager/obc_manager.c.obj
LOAD CMakeFiles/pocat_moon_sw.elf.dir/c/Users/34684/Desktop/PAE/Nanosat/Software/Project/CM4/Application/Src/Subsystems/adcs.c.obj
LOAD CMakeFiles/pocat_moon_sw.elf.dir/c/Users/34684/Desktop/PAE/Nanosat/Software/Project/CM4/Application/Src/Subsystems/comms.c.obj
LOAD CMakeFiles/pocat_moon_sw.elf.dir/c/Users/34684/Desktop/PAE/Nanosat/Software/Project/CM4/Application/Src/Subsystems/eps.c.obj
LOAD CMakeFiles/pocat_moon_sw.elf.dir/c/Users/34684/Desktop/PAE/Nanosat/Software/Project/CM4/Application/Src/Subsystems/health.c.obj
LOAD CMakeFiles/pocat_moon_sw.elf.dir/c/Users/34684/Desktop/PAE/Nanosat/Software/Project/CM4/Application/Src/Subsystems/obdh.c.obj
LOAD CMakeFiles/pocat_moon_sw.elf.dir/c/Users/34684/Desktop/PAE/Nanosat/Software/Project/CM4/Application/Src/Subsystems/payload.c.obj
LOAD CMakeFiles/pocat_moon_sw.elf.dir/c/Users/34684/Desktop/PAE/Nanosat/Software/Project/CM4/Application/Src/Utils/freertos.c.obj
LOAD CMakeFiles/pocat_moon_sw.elf.dir/c/Users/34684/Desktop/PAE/Nanosat/Software/Project/CM4/Application/Src/common.c.obj
LOAD CMakeFiles/pocat_moon_sw.elf.dir/c/Users/34684/Desktop/PAE/Nanosat/Software/Project/CM4/Core/Src/main.c.obj
LOAD CMakeFiles/pocat_moon_sw.elf.dir/c/Users/34684/Desktop/PAE/Nanosat/Software/Project/CM4/Core/Src/stm32mp1xx_hal_msp.c.obj
LOAD CMakeFiles/pocat_moon_sw.elf.dir/c/Users/34684/Desktop/PAE/Nanosat/Software/Project/CM4/Core/Src/stm32mp1xx_hal_timebase_tim.c.obj
LOAD CMakeFiles/pocat_moon_sw.elf.dir/c/Users/34684/Desktop/PAE/Nanosat/Software/Project/CM4/Core/Src/stm32mp1xx_it.c.obj
LOAD CMakeFiles/pocat_moon_sw.elf.dir/c/Users/34684/Desktop/PAE/Nanosat/Software/Project/CM4/Core/Src/syscalls.c.obj
LOAD CMakeFiles/pocat_moon_sw.elf.dir/c/Users/34684/Desktop/PAE/Nanosat/Software/Project/CM4/Core/Src/sysmem.c.obj
LOAD CMakeFiles/pocat_moon_sw.elf.dir/c/Users/34684/Desktop/PAE/Nanosat/Software/Project/CM4/Core/Startup/startup_stm32mp157facx.s.obj
START GROUP
LOAD C:/Program Files (x86)/Arm GNU Toolchain arm-none-eabi/13.2 Rel1/bin/../lib/gcc/arm-none-eabi/13.2.1/thumb/v7e-m+fp/hard\libgcc.a
LOAD C:/Program Files (x86)/Arm GNU Toolchain arm-none-eabi/13.2 Rel1/bin/../lib/gcc/arm-none-eabi/13.2.1/thumb/v7e-m+fp/hard\libg_nano.a
LOAD C:/Program Files (x86)/Arm GNU Toolchain arm-none-eabi/13.2 Rel1/bin/../lib/gcc/arm-none-eabi/13.2.1/thumb/v7e-m+fp/hard\libc_nano.a
END GROUP
START GROUP
LOAD C:/Program Files (x86)/Arm GNU Toolchain arm-none-eabi/13.2 Rel1/bin/../lib/gcc/arm-none-eabi/13.2.1/thumb/v7e-m+fp/hard\libgcc.a
LOAD C:/Program Files (x86)/Arm GNU Toolchain arm-none-eabi/13.2 Rel1/bin/../lib/gcc/arm-none-eabi/13.2.1/thumb/v7e-m+fp/hard\libc_nano.a
LOAD C:/Program Files (x86)/Arm GNU Toolchain arm-none-eabi/13.2 Rel1/bin/../lib/gcc/arm-none-eabi/13.2.1/thumb/v7e-m+fp/hard\libnosys.a
END GROUP
START GROUP
LOAD C:/Program Files (x86)/Arm GNU Toolchain arm-none-eabi/13.2 Rel1/bin/../lib/gcc/arm-none-eabi/13.2.1/thumb/v7e-m+fp/hard\libgcc.a
LOAD C:/Program Files (x86)/Arm GNU Toolchain arm-none-eabi/13.2 Rel1/bin/../lib/gcc/arm-none-eabi/13.2.1/thumb/v7e-m+fp/hard\libc_nano.a
LOAD C:/Program Files (x86)/Arm GNU Toolchain arm-none-eabi/13.2 Rel1/bin/../lib/gcc/arm-none-eabi/13.2.1/thumb/v7e-m+fp/hard\libnosys.a
END GROUP
LOAD C:/Program Files (x86)/Arm GNU Toolchain arm-none-eabi/13.2 Rel1/bin/../lib/gcc/arm-none-eabi/13.2.1/thumb/v7e-m+fp/hard/crtend.o
LOAD C:/Program Files (x86)/Arm GNU Toolchain arm-none-eabi/13.2 Rel1/bin/../lib/gcc/arm-none-eabi/13.2.1/thumb/v7e-m+fp/hard/crtn.o
                0x10040000                        _estack = (ORIGIN (SRAM2_data) + LENGTH (SRAM2_data))
                0x00000200                        _Min_Heap_Size = 0x200
                0x00000400                        _Min_Stack_Size = 0x400
                0x10040000                        __OPENAMP_region_start__ = ORIGIN (SRAM3_ipc_shm)
                0x10050000                        __OPENAMP_region_end__ = (ORIGIN (SRAM3_ipc_shm) + LENGTH (SRAM3_ipc_shm))

.isr_vector     0x00000000      0x298
                0x00000000                        . = ALIGN (0x4)
 *(.isr_vector)
 .isr_vector    0x00000000      0x298 CMakeFiles/pocat_moon_sw.elf.dir/c/Users/34684/Desktop/PAE/Nanosat/Software/Project/CM4/Core/Startup/startup_stm32mp157facx.s.obj
                0x00000000                g_pfnVectors
                0x00000298                        . = ALIGN (0x4)

.text           0x10000000     0x57bc
                0x10000000                        . = ALIGN (0x4)
 *(.text)
 .text          0x10000000       0xa0 C:/Program Files (x86)/Arm GNU Toolchain arm-none-eabi/13.2 Rel1/bin/../lib/gcc/arm-none-eabi/13.2.1/thumb/v7e-m+fp/hard\libg_nano.a(libc_a-memchr.o)
                0x10000000                memchr
 *(.text*)
 .text.deregister_tm_clones
                0x100000a0       0x1c C:/Program Files (x86)/Arm GNU Toolchain arm-none-eabi/13.2 Rel1/bin/../lib/gcc/arm-none-eabi/13.2.1/thumb/v7e-m+fp/hard/crtbegin.o
 .text.register_tm_clones
                0x100000bc       0x24 C:/Program Files (x86)/Arm GNU Toolchain arm-none-eabi/13.2 Rel1/bin/../lib/gcc/arm-none-eabi/13.2.1/thumb/v7e-m+fp/hard/crtbegin.o
 .text.__do_global_dtors_aux
                0x100000e0       0x28 C:/Program Files (x86)/Arm GNU Toolchain arm-none-eabi/13.2 Rel1/bin/../lib/gcc/arm-none-eabi/13.2.1/thumb/v7e-m+fp/hard/crtbegin.o
 .text.frame_dummy
                0x10000108       0x24 C:/Program Files (x86)/Arm GNU Toolchain arm-none-eabi/13.2 Rel1/bin/../lib/gcc/arm-none-eabi/13.2.1/thumb/v7e-m+fp/hard/crtbegin.o
 .text.std      0x1000012c       0x6c C:/Program Files (x86)/Arm GNU Toolchain arm-none-eabi/13.2 Rel1/bin/../lib/gcc/arm-none-eabi/13.2.1/thumb/v7e-m+fp/hard\libc_nano.a(libc_a-findfp.o)
 .text.stdio_exit_handler
                0x10000198       0x18 C:/Program Files (x86)/Arm GNU Toolchain arm-none-eabi/13.2 Rel1/bin/../lib/gcc/arm-none-eabi/13.2.1/thumb/v7e-m+fp/hard\libc_nano.a(libc_a-findfp.o)
 .text.cleanup_stdio
                0x100001b0       0x40 C:/Program Files (x86)/Arm GNU Toolchain arm-none-eabi/13.2 Rel1/bin/../lib/gcc/arm-none-eabi/13.2.1/thumb/v7e-m+fp/hard\libc_nano.a(libc_a-findfp.o)
 .text.global_stdio_init.part.0
                0x100001f0       0x3c C:/Program Files (x86)/Arm GNU Toolchain arm-none-eabi/13.2 Rel1/bin/../lib/gcc/arm-none-eabi/13.2.1/thumb/v7e-m+fp/hard\libc_nano.a(libc_a-findfp.o)
 .text.__sfp_lock_acquire
                0x1000022c        0xc C:/Program Files (x86)/Arm GNU Toolchain arm-none-eabi/13.2 Rel1/bin/../lib/gcc/arm-none-eabi/13.2.1/thumb/v7e-m+fp/hard\libc_nano.a(libc_a-findfp.o)
                0x1000022c                __sfp_lock_acquire
 .text.__sfp_lock_release
                0x10000238        0xc C:/Program Files (x86)/Arm GNU Toolchain arm-none-eabi/13.2 Rel1/bin/../lib/gcc/arm-none-eabi/13.2.1/thumb/v7e-m+fp/hard\libc_nano.a(libc_a-findfp.o)
                0x10000238                __sfp_lock_release
 .text.__sinit  0x10000244       0x30 C:/Program Files (x86)/Arm GNU Toolchain arm-none-eabi/13.2 Rel1/bin/../lib/gcc/arm-none-eabi/13.2.1/thumb/v7e-m+fp/hard\libc_nano.a(libc_a-findfp.o)
                0x10000244                __sinit
 .text._fwalk_sglue
                0x10000274       0x3c C:/Program Files (x86)/Arm GNU Toolchain arm-none-eabi/13.2 Rel1/bin/../lib/gcc/arm-none-eabi/13.2.1/thumb/v7e-m+fp/hard\libc_nano.a(libc_a-fwalk.o)
                0x10000274                _fwalk_sglue
 .text.__sread  0x100002b0       0x22 C:/Program Files (x86)/Arm GNU Toolchain arm-none-eabi/13.2 Rel1/bin/../lib/gcc/arm-none-eabi/13.2.1/thumb/v7e-m+fp/hard\libc_nano.a(libc_a-stdio.o)
                0x100002b0                __sread
 .text.__swrite
                0x100002d2       0x38 C:/Program Files (x86)/Arm GNU Toolchain arm-none-eabi/13.2 Rel1/bin/../lib/gcc/arm-none-eabi/13.2.1/thumb/v7e-m+fp/hard\libc_nano.a(libc_a-stdio.o)
                0x100002d2                __swrite
 .text.__sseek  0x1000030a       0x24 C:/Program Files (x86)/Arm GNU Toolchain arm-none-eabi/13.2 Rel1/bin/../lib/gcc/arm-none-eabi/13.2.1/thumb/v7e-m+fp/hard\libc_nano.a(libc_a-stdio.o)
                0x1000030a                __sseek
 .text.__sclose
                0x1000032e        0x8 C:/Program Files (x86)/Arm GNU Toolchain arm-none-eabi/13.2 Rel1/bin/../lib/gcc/arm-none-eabi/13.2.1/thumb/v7e-m+fp/hard\libc_nano.a(libc_a-stdio.o)
                0x1000032e                __sclose
 .text.memset   0x10000336       0x10 C:/Program Files (x86)/Arm GNU Toolchain arm-none-eabi/13.2 Rel1/bin/../lib/gcc/arm-none-eabi/13.2.1/thumb/v7e-m+fp/hard\libc_nano.a(libc_a-memset.o)
                0x10000336                memset
 *fill*         0x10000346        0x2 
 .text._close_r
                0x10000348       0x20 C:/Program Files (x86)/Arm GNU Toolchain arm-none-eabi/13.2 Rel1/bin/../lib/gcc/arm-none-eabi/13.2.1/thumb/v7e-m+fp/hard\libc_nano.a(libc_a-closer.o)
                0x10000348                _close_r
 .text._reclaim_reent
                0x10000368       0xac C:/Program Files (x86)/Arm GNU Toolchain arm-none-eabi/13.2 Rel1/bin/../lib/gcc/arm-none-eabi/13.2.1/thumb/v7e-m+fp/hard\libc_nano.a(libc_a-reent.o)
                0x10000368                _reclaim_reent
 .text._lseek_r
                0x10000414       0x24 C:/Program Files (x86)/Arm GNU Toolchain arm-none-eabi/13.2 Rel1/bin/../lib/gcc/arm-none-eabi/13.2.1/thumb/v7e-m+fp/hard\libc_nano.a(libc_a-lseekr.o)
                0x10000414                _lseek_r
 .text._read_r  0x10000438       0x24 C:/Program Files (x86)/Arm GNU Toolchain arm-none-eabi/13.2 Rel1/bin/../lib/gcc/arm-none-eabi/13.2.1/thumb/v7e-m+fp/hard\libc_nano.a(libc_a-readr.o)
                0x10000438                _read_r
 .text._write_r
                0x1000045c       0x24 C:/Program Files (x86)/Arm GNU Toolchain arm-none-eabi/13.2 Rel1/bin/../lib/gcc/arm-none-eabi/13.2.1/thumb/v7e-m+fp/hard\libc_nano.a(libc_a-writer.o)
                0x1000045c                _write_r
 .text.__libc_init_array
                0x10000480       0x48 C:/Program Files (x86)/Arm GNU Toolchain arm-none-eabi/13.2 Rel1/bin/../lib/gcc/arm-none-eabi/13.2.1/thumb/v7e-m+fp/hard\libc_nano.a(libc_a-init.o)
                0x10000480                __libc_init_array
 .text.__retarget_lock_init_recursive
                0x100004c8        0x2 C:/Program Files (x86)/Arm GNU Toolchain arm-none-eabi/13.2 Rel1/bin/../lib/gcc/arm-none-eabi/13.2.1/thumb/v7e-m+fp/hard\libc_nano.a(libc_a-lock.o)
                0x100004c8                __retarget_lock_init_recursive
 .text.__retarget_lock_acquire_recursive
                0x100004ca        0x2 C:/Program Files (x86)/Arm GNU Toolchain arm-none-eabi/13.2 Rel1/bin/../lib/gcc/arm-none-eabi/13.2.1/thumb/v7e-m+fp/hard\libc_nano.a(libc_a-lock.o)
                0x100004ca                __retarget_lock_acquire_recursive
 .text.__retarget_lock_release_recursive
                0x100004cc        0x2 C:/Program Files (x86)/Arm GNU Toolchain arm-none-eabi/13.2 Rel1/bin/../lib/gcc/arm-none-eabi/13.2.1/thumb/v7e-m+fp/hard\libc_nano.a(libc_a-lock.o)
                0x100004cc                __retarget_lock_release_recursive
 *fill*         0x100004ce        0x2 
 .text._free_r  0x100004d0       0x94 C:/Program Files (x86)/Arm GNU Toolchain arm-none-eabi/13.2 Rel1/bin/../lib/gcc/arm-none-eabi/13.2.1/thumb/v7e-m+fp/hard\libc_nano.a(libc_a-freer.o)
                0x100004d0                _free_r
 .text.sbrk_aligned
                0x10000564       0x44 C:/Program Files (x86)/Arm GNU Toolchain arm-none-eabi/13.2 Rel1/bin/../lib/gcc/arm-none-eabi/13.2.1/thumb/v7e-m+fp/hard\libc_nano.a(libc_a-mallocr.o)
 .text._malloc_r
                0x100005a8      0x100 C:/Program Files (x86)/Arm GNU Toolchain arm-none-eabi/13.2 Rel1/bin/../lib/gcc/arm-none-eabi/13.2.1/thumb/v7e-m+fp/hard\libc_nano.a(libc_a-mallocr.o)
                0x100005a8                _malloc_r
 .text.__malloc_lock
                0x100006a8        0xc C:/Program Files (x86)/Arm GNU Toolchain arm-none-eabi/13.2 Rel1/bin/../lib/gcc/arm-none-eabi/13.2.1/thumb/v7e-m+fp/hard\libc_nano.a(libc_a-mlock.o)
                0x100006a8                __malloc_lock
 .text.__malloc_unlock
                0x100006b4        0xc C:/Program Files (x86)/Arm GNU Toolchain arm-none-eabi/13.2 Rel1/bin/../lib/gcc/arm-none-eabi/13.2.1/thumb/v7e-m+fp/hard\libc_nano.a(libc_a-mlock.o)
                0x100006b4                __malloc_unlock
 .text.__sflush_r
                0x100006c0      0x108 C:/Program Files (x86)/Arm GNU Toolchain arm-none-eabi/13.2 Rel1/bin/../lib/gcc/arm-none-eabi/13.2.1/thumb/v7e-m+fp/hard\libc_nano.a(libc_a-fflush.o)
                0x100006c0                __sflush_r
 .text._fflush_r
                0x100007c8       0x50 C:/Program Files (x86)/Arm GNU Toolchain arm-none-eabi/13.2 Rel1/bin/../lib/gcc/arm-none-eabi/13.2.1/thumb/v7e-m+fp/hard\libc_nano.a(libc_a-fflush.o)
                0x100007c8                _fflush_r
 .text._sbrk_r  0x10000818       0x20 C:/Program Files (x86)/Arm GNU Toolchain arm-none-eabi/13.2 Rel1/bin/../lib/gcc/arm-none-eabi/13.2.1/thumb/v7e-m+fp/hard\libc_nano.a(libc_a-sbrkr.o)
                0x10000818                _sbrk_r
 .text.HAL_Init
                0x10000838       0x2c CMakeFiles/pocat_moon_sw.elf.dir/c/Users/34684/Desktop/PAE/Nanosat/Software/Project/CM4/Drivers/STM32MP1xx_HAL_Driver/Src/stm32mp1xx_hal.c.obj
                0x10000838                HAL_Init
 .text.HAL_IncTick
                0x10000864       0x18 CMakeFiles/pocat_moon_sw.elf.dir/c/Users/34684/Desktop/PAE/Nanosat/Software/Project/CM4/Drivers/STM32MP1xx_HAL_Driver/Src/stm32mp1xx_hal.c.obj
                0x10000864                HAL_IncTick
 .text.HAL_GetTick
                0x1000087c        0xc CMakeFiles/pocat_moon_sw.elf.dir/c/Users/34684/Desktop/PAE/Nanosat/Software/Project/CM4/Drivers/STM32MP1xx_HAL_Driver/Src/stm32mp1xx_hal.c.obj
                0x1000087c                HAL_GetTick
 .text.__NVIC_EnableIRQ
                0x10000888       0x1c CMakeFiles/pocat_moon_sw.elf.dir/c/Users/34684/Desktop/PAE/Nanosat/Software/Project/CM4/Drivers/STM32MP1xx_HAL_Driver/Src/stm32mp1xx_hal_cortex.c.obj
 .text.__NVIC_DisableIRQ
                0x100008a4       0x24 CMakeFiles/pocat_moon_sw.elf.dir/c/Users/34684/Desktop/PAE/Nanosat/Software/Project/CM4/Drivers/STM32MP1xx_HAL_Driver/Src/stm32mp1xx_hal_cortex.c.obj
 .text.__NVIC_SetPriority
                0x100008c8       0x28 CMakeFiles/pocat_moon_sw.elf.dir/c/Users/34684/Desktop/PAE/Nanosat/Software/Project/CM4/Drivers/STM32MP1xx_HAL_Driver/Src/stm32mp1xx_hal_cortex.c.obj
 .text.NVIC_EncodePriority
                0x100008f0       0x3e CMakeFiles/pocat_moon_sw.elf.dir/c/Users/34684/Desktop/PAE/Nanosat/Software/Project/CM4/Drivers/STM32MP1xx_HAL_Driver/Src/stm32mp1xx_hal_cortex.c.obj
 *fill*         0x1000092e        0x2 
 .text.HAL_NVIC_SetPriorityGrouping
                0x10000930       0x24 CMakeFiles/pocat_moon_sw.elf.dir/c/Users/34684/Desktop/PAE/Nanosat/Software/Project/CM4/Drivers/STM32MP1xx_HAL_Driver/Src/stm32mp1xx_hal_cortex.c.obj
                0x10000930                HAL_NVIC_SetPriorityGrouping
 .text.HAL_NVIC_SetPriority
                0x10000954       0x20 CMakeFiles/pocat_moon_sw.elf.dir/c/Users/34684/Desktop/PAE/Nanosat/Software/Project/CM4/Drivers/STM32MP1xx_HAL_Driver/Src/stm32mp1xx_hal_cortex.c.obj
                0x10000954                HAL_NVIC_SetPriority
 .text.HAL_NVIC_EnableIRQ
                0x10000974        0x8 CMakeFiles/pocat_moon_sw.elf.dir/c/Users/34684/Desktop/PAE/Nanosat/Software/Project/CM4/Drivers/STM32MP1xx_HAL_Driver/Src/stm32mp1xx_hal_cortex.c.obj
                0x10000974                HAL_NVIC_EnableIRQ
 .text.HAL_NVIC_DisableIRQ
                0x1000097c        0x8 CMakeFiles/pocat_moon_sw.elf.dir/c/Users/34684/Desktop/PAE/Nanosat/Software/Project/CM4/Drivers/STM32MP1xx_HAL_Driver/Src/stm32mp1xx_hal_cortex.c.obj
                0x1000097c                HAL_NVIC_DisableIRQ
 .text.HAL_IPCC_RxCallback
                0x10000984        0x2 CMakeFiles/pocat_moon_sw.elf.dir/c/Users/34684/Desktop/PAE/Nanosat/Software/Project/CM4/Drivers/STM32MP1xx_HAL_Driver/Src/stm32mp1xx_hal_ipcc.c.obj
                0x10000984                HAL_IPCC_RxCallback
 .text.HAL_IPCC_TxCallback
                0x10000986        0x2 CMakeFiles/pocat_moon_sw.elf.dir/c/Users/34684/Desktop/PAE/Nanosat/Software/Project/CM4/Drivers/STM32MP1xx_HAL_Driver/Src/stm32mp1xx_hal_ipcc.c.obj
                0x10000986                HAL_IPCC_TxCallback
 .text.HAL_IPCC_TX_IRQHandler
                0x10000988       0x54 CMakeFiles/pocat_moon_sw.elf.dir/c/Users/34684/Desktop/PAE/Nanosat/Software/Project/CM4/Drivers/STM32MP1xx_HAL_Driver/Src/stm32mp1xx_hal_ipcc.c.obj
                0x10000988                HAL_IPCC_TX_IRQHandler
 .text.HAL_IPCC_RX_IRQHandler
                0x100009dc       0x4c CMakeFiles/pocat_moon_sw.elf.dir/c/Users/34684/Desktop/PAE/Nanosat/Software/Project/CM4/Drivers/STM32MP1xx_HAL_Driver/Src/stm32mp1xx_hal_ipcc.c.obj
                0x100009dc                HAL_IPCC_RX_IRQHandler
 .text.IPCC_SetDefaultCallbacks
                0x10000a28       0x28 CMakeFiles/pocat_moon_sw.elf.dir/c/Users/34684/Desktop/PAE/Nanosat/Software/Project/CM4/Drivers/STM32MP1xx_HAL_Driver/Src/stm32mp1xx_hal_ipcc.c.obj
                0x10000a28                IPCC_SetDefaultCallbacks
 .text.IPCC_Reset_Register
                0x10000a50       0x10 CMakeFiles/pocat_moon_sw.elf.dir/c/Users/34684/Desktop/PAE/Nanosat/Software/Project/CM4/Drivers/STM32MP1xx_HAL_Driver/Src/stm32mp1xx_hal_ipcc.c.obj
                0x10000a50                IPCC_Reset_Register
 .text.HAL_IPCC_Init
                0x10000a60       0x40 CMakeFiles/pocat_moon_sw.elf.dir/c/Users/34684/Desktop/PAE/Nanosat/Software/Project/CM4/Drivers/STM32MP1xx_HAL_Driver/Src/stm32mp1xx_hal_ipcc.c.obj
                0x10000a60                HAL_IPCC_Init
 .text.HAL_PWR_EnableBkUpAccess
                0x10000aa0       0x10 CMakeFiles/pocat_moon_sw.elf.dir/c/Users/34684/Desktop/PAE/Nanosat/Software/Project/CM4/Drivers/STM32MP1xx_HAL_Driver/Src/stm32mp1xx_hal_pwr.c.obj
                0x10000aa0                HAL_PWR_EnableBkUpAccess
 .text.HAL_RCC_HSEConfig
                0x10000ab0       0xa0 CMakeFiles/pocat_moon_sw.elf.dir/c/Users/34684/Desktop/PAE/Nanosat/Software/Project/CM4/Drivers/STM32MP1xx_HAL_Driver/Src/stm32mp1xx_hal_rcc.c.obj
                0x10000ab0                HAL_RCC_HSEConfig
 .text.HAL_RCC_LSEConfig
                0x10000b50       0xbe CMakeFiles/pocat_moon_sw.elf.dir/c/Users/34684/Desktop/PAE/Nanosat/Software/Project/CM4/Drivers/STM32MP1xx_HAL_Driver/Src/stm32mp1xx_hal_rcc.c.obj
                0x10000b50                HAL_RCC_LSEConfig
 *fill*         0x10000c0e        0x2 
 .text.RCC_PLL1_Config
                0x10000c10      0x244 CMakeFiles/pocat_moon_sw.elf.dir/c/Users/34684/Desktop/PAE/Nanosat/Software/Project/CM4/Drivers/STM32MP1xx_HAL_Driver/Src/stm32mp1xx_hal_rcc.c.obj
                0x10000c10                RCC_PLL1_Config
 .text.RCC_MPUConfig
                0x10000e54       0xa0 CMakeFiles/pocat_moon_sw.elf.dir/c/Users/34684/Desktop/PAE/Nanosat/Software/Project/CM4/Drivers/STM32MP1xx_HAL_Driver/Src/stm32mp1xx_hal_rcc.c.obj
                0x10000e54                RCC_MPUConfig
 .text.RCC_AXISSConfig
                0x10000ef4       0xce CMakeFiles/pocat_moon_sw.elf.dir/c/Users/34684/Desktop/PAE/Nanosat/Software/Project/CM4/Drivers/STM32MP1xx_HAL_Driver/Src/stm32mp1xx_hal_rcc.c.obj
                0x10000ef4                RCC_AXISSConfig
 .text.HAL_RCC_GetClockConfig
                0x10000fc2       0x6a CMakeFiles/pocat_moon_sw.elf.dir/c/Users/34684/Desktop/PAE/Nanosat/Software/Project/CM4/Drivers/STM32MP1xx_HAL_Driver/Src/stm32mp1xx_hal_rcc.c.obj
                0x10000fc2                HAL_RCC_GetClockConfig
 .text.HAL_RCC_GetPLL3ClockFreq
                0x1000102c      0x148 CMakeFiles/pocat_moon_sw.elf.dir/c/Users/34684/Desktop/PAE/Nanosat/Software/Project/CM4/Drivers/STM32MP1xx_HAL_Driver/Src/stm32mp1xx_hal_rcc.c.obj
                0x1000102c                HAL_RCC_GetPLL3ClockFreq
 .text.HAL_RCC_GetMCUSSFreq
                0x10001174       0x50 CMakeFiles/pocat_moon_sw.elf.dir/c/Users/34684/Desktop/PAE/Nanosat/Software/Project/CM4/Drivers/STM32MP1xx_HAL_Driver/Src/stm32mp1xx_hal_rcc.c.obj
                0x10001174                HAL_RCC_GetMCUSSFreq
 .text.HAL_RCC_GetMCUFreq
                0x100011c4       0x1c CMakeFiles/pocat_moon_sw.elf.dir/c/Users/34684/Desktop/PAE/Nanosat/Software/Project/CM4/Drivers/STM32MP1xx_HAL_Driver/Src/stm32mp1xx_hal_rcc.c.obj
                0x100011c4                HAL_RCC_GetMCUFreq
 .text.HAL_RCC_GetPCLK1Freq
                0x100011e0       0x1c CMakeFiles/pocat_moon_sw.elf.dir/c/Users/34684/Desktop/PAE/Nanosat/Software/Project/CM4/Drivers/STM32MP1xx_HAL_Driver/Src/stm32mp1xx_hal_rcc.c.obj
                0x100011e0                HAL_RCC_GetPCLK1Freq
 .text.HAL_RCC_GetSystemCoreClockFreq
                0x100011fc        0x8 CMakeFiles/pocat_moon_sw.elf.dir/c/Users/34684/Desktop/PAE/Nanosat/Software/Project/CM4/Drivers/STM32MP1xx_HAL_Driver/Src/stm32mp1xx_hal_rcc.c.obj
                0x100011fc                HAL_RCC_GetSystemCoreClockFreq
 .text.HAL_RCC_OscConfig
                0x10001204      0x51c CMakeFiles/pocat_moon_sw.elf.dir/c/Users/34684/Desktop/PAE/Nanosat/Software/Project/CM4/Drivers/STM32MP1xx_HAL_Driver/Src/stm32mp1xx_hal_rcc.c.obj
                0x10001204                HAL_RCC_OscConfig
 .text.RCC_MCUConfig
                0x10001720       0xec CMakeFiles/pocat_moon_sw.elf.dir/c/Users/34684/Desktop/PAE/Nanosat/Software/Project/CM4/Drivers/STM32MP1xx_HAL_Driver/Src/stm32mp1xx_hal_rcc.c.obj
                0x10001720                RCC_MCUConfig
 .text.HAL_RCC_ClockConfig
                0x1000180c      0x180 CMakeFiles/pocat_moon_sw.elf.dir/c/Users/34684/Desktop/PAE/Nanosat/Software/Project/CM4/Drivers/STM32MP1xx_HAL_Driver/Src/stm32mp1xx_hal_rcc.c.obj
                0x1000180c                HAL_RCC_ClockConfig
 .text.HAL_RCC_WAKEUP_Callback
                0x1000198c        0x2 CMakeFiles/pocat_moon_sw.elf.dir/c/Users/34684/Desktop/PAE/Nanosat/Software/Project/CM4/Drivers/STM32MP1xx_HAL_Driver/Src/stm32mp1xx_hal_rcc.c.obj
                0x1000198c                HAL_RCC_WAKEUP_Callback
 .text.HAL_RCC_WAKEUP_IRQHandler
                0x1000198e       0x24 CMakeFiles/pocat_moon_sw.elf.dir/c/Users/34684/Desktop/PAE/Nanosat/Software/Project/CM4/Drivers/STM32MP1xx_HAL_Driver/Src/stm32mp1xx_hal_rcc.c.obj
                0x1000198e                HAL_RCC_WAKEUP_IRQHandler
 *fill*         0x100019b2        0x2 
 .text.RCCEx_PLL2_Config
                0x100019b4      0x24c CMakeFiles/pocat_moon_sw.elf.dir/c/Users/34684/Desktop/PAE/Nanosat/Software/Project/CM4/Drivers/STM32MP1xx_HAL_Driver/Src/stm32mp1xx_hal_rcc_ex.c.obj
                0x100019b4                RCCEx_PLL2_Config
 .text.RCCEx_PLL3_Config
                0x10001c00      0x214 CMakeFiles/pocat_moon_sw.elf.dir/c/Users/34684/Desktop/PAE/Nanosat/Software/Project/CM4/Drivers/STM32MP1xx_HAL_Driver/Src/stm32mp1xx_hal_rcc_ex.c.obj
                0x10001c00                RCCEx_PLL3_Config
 .text.RCCEx_PLL4_Config
                0x10001e14      0x1f8 CMakeFiles/pocat_moon_sw.elf.dir/c/Users/34684/Desktop/PAE/Nanosat/Software/Project/CM4/Drivers/STM32MP1xx_HAL_Driver/Src/stm32mp1xx_hal_rcc_ex.c.obj
                0x10001e14                RCCEx_PLL4_Config
 .text.HAL_RCCEx_PeriphCLKConfig
                0x1000200c      0xeb4 CMakeFiles/pocat_moon_sw.elf.dir/c/Users/34684/Desktop/PAE/Nanosat/Software/Project/CM4/Drivers/STM32MP1xx_HAL_Driver/Src/stm32mp1xx_hal_rcc_ex.c.obj
                0x1000200c                HAL_RCCEx_PeriphCLKConfig
 .text.HAL_TIM_Base_MspInit
                0x10002ec0        0x2 CMakeFiles/pocat_moon_sw.elf.dir/c/Users/34684/Desktop/PAE/Nanosat/Software/Project/CM4/Drivers/STM32MP1xx_HAL_Driver/Src/stm32mp1xx_hal_tim.c.obj
                0x10002ec0                HAL_TIM_Base_MspInit
 *fill*         0x10002ec2        0x2 
 .text.HAL_TIM_Base_Start_IT
                0x10002ec4       0x2c CMakeFiles/pocat_moon_sw.elf.dir/c/Users/34684/Desktop/PAE/Nanosat/Software/Project/CM4/Drivers/STM32MP1xx_HAL_Driver/Src/stm32mp1xx_hal_tim.c.obj
                0x10002ec4                HAL_TIM_Base_Start_IT
 .text.HAL_TIM_OC_DelayElapsedCallback
                0x10002ef0        0x2 CMakeFiles/pocat_moon_sw.elf.dir/c/Users/34684/Desktop/PAE/Nanosat/Software/Project/CM4/Drivers/STM32MP1xx_HAL_Driver/Src/stm32mp1xx_hal_tim.c.obj
                0x10002ef0                HAL_TIM_OC_DelayElapsedCallback
 .text.HAL_TIM_IC_CaptureCallback
                0x10002ef2        0x2 CMakeFiles/pocat_moon_sw.elf.dir/c/Users/34684/Desktop/PAE/Nanosat/Software/Project/CM4/Drivers/STM32MP1xx_HAL_Driver/Src/stm32mp1xx_hal_tim.c.obj
                0x10002ef2                HAL_TIM_IC_CaptureCallback
 .text.HAL_TIM_PWM_PulseFinishedCallback
                0x10002ef4        0x2 CMakeFiles/pocat_moon_sw.elf.dir/c/Users/34684/Desktop/PAE/Nanosat/Software/Project/CM4/Drivers/STM32MP1xx_HAL_Driver/Src/stm32mp1xx_hal_tim.c.obj
                0x10002ef4                HAL_TIM_PWM_PulseFinishedCallback
 .text.HAL_TIM_TriggerCallback
                0x10002ef6        0x2 CMakeFiles/pocat_moon_sw.elf.dir/c/Users/34684/Desktop/PAE/Nanosat/Software/Project/CM4/Drivers/STM32MP1xx_HAL_Driver/Src/stm32mp1xx_hal_tim.c.obj
                0x10002ef6                HAL_TIM_TriggerCallback
 .text.HAL_TIM_IRQHandler
                0x10002ef8      0x19a CMakeFiles/pocat_moon_sw.elf.dir/c/Users/34684/Desktop/PAE/Nanosat/Software/Project/CM4/Drivers/STM32MP1xx_HAL_Driver/Src/stm32mp1xx_hal_tim.c.obj
                0x10002ef8                HAL_TIM_IRQHandler
 *fill*         0x10003092        0x2 
 .text.TIM_Base_SetConfig
                0x10003094       0xc4 CMakeFiles/pocat_moon_sw.elf.dir/c/Users/34684/Desktop/PAE/Nanosat/Software/Project/CM4/Drivers/STM32MP1xx_HAL_Driver/Src/stm32mp1xx_hal_tim.c.obj
                0x10003094                TIM_Base_SetConfig
 .text.HAL_TIM_Base_Init
                0x10003158       0x34 CMakeFiles/pocat_moon_sw.elf.dir/c/Users/34684/Desktop/PAE/Nanosat/Software/Project/CM4/Drivers/STM32MP1xx_HAL_Driver/Src/stm32mp1xx_hal_tim.c.obj
                0x10003158                HAL_TIM_Base_Init
 .text.HAL_TIMEx_CommutCallback
                0x1000318c        0x2 CMakeFiles/pocat_moon_sw.elf.dir/c/Users/34684/Desktop/PAE/Nanosat/Software/Project/CM4/Drivers/STM32MP1xx_HAL_Driver/Src/stm32mp1xx_hal_tim_ex.c.obj
                0x1000318c                HAL_TIMEx_CommutCallback
 .text.HAL_TIMEx_BreakCallback
                0x1000318e        0x2 CMakeFiles/pocat_moon_sw.elf.dir/c/Users/34684/Desktop/PAE/Nanosat/Software/Project/CM4/Drivers/STM32MP1xx_HAL_Driver/Src/stm32mp1xx_hal_tim_ex.c.obj
                0x1000318e                HAL_TIMEx_BreakCallback
 .text.HAL_TIMEx_Break2Callback
                0x10003190        0x2 CMakeFiles/pocat_moon_sw.elf.dir/c/Users/34684/Desktop/PAE/Nanosat/Software/Project/CM4/Drivers/STM32MP1xx_HAL_Driver/Src/stm32mp1xx_hal_tim_ex.c.obj
                0x10003190                HAL_TIMEx_Break2Callback
 *fill*         0x10003192        0x2 
 .text.SystemInit
                0x10003194       0x34 CMakeFiles/pocat_moon_sw.elf.dir/c/Users/34684/Desktop/PAE/Nanosat/Software/Project/CM4/Common/System/system_stm32mp1xx.c.obj
                0x10003194                SystemInit
 .text.vListInitialise
                0x100031c8       0x16 CMakeFiles/pocat_moon_sw.elf.dir/c/Users/34684/Desktop/PAE/Nanosat/Software/Project/CM4/Middlewares/Third_Party/FreeRTOS/list.c.obj
                0x100031c8                vListInitialise
 .text.vListInitialiseItem
                0x100031de        0x6 CMakeFiles/pocat_moon_sw.elf.dir/c/Users/34684/Desktop/PAE/Nanosat/Software/Project/CM4/Middlewares/Third_Party/FreeRTOS/list.c.obj
                0x100031de                vListInitialiseItem
 .text.vListInsertEnd
                0x100031e4       0x16 CMakeFiles/pocat_moon_sw.elf.dir/c/Users/34684/Desktop/PAE/Nanosat/Software/Project/CM4/Middlewares/Third_Party/FreeRTOS/list.c.obj
                0x100031e4                vListInsertEnd
 .text.vListInsert
                0x100031fa       0x32 CMakeFiles/pocat_moon_sw.elf.dir/c/Users/34684/Desktop/PAE/Nanosat/Software/Project/CM4/Middlewares/Third_Party/FreeRTOS/list.c.obj
                0x100031fa                vListInsert
 .text.uxListRemove
                0x1000322c       0x26 CMakeFiles/pocat_moon_sw.elf.dir/c/Users/34684/Desktop/PAE/Nanosat/Software/Project/CM4/Middlewares/Third_Party/FreeRTOS/list.c.obj
                0x1000322c                uxListRemove
 .text.prvIsQueueFull
                0x10003252       0x1e CMakeFiles/pocat_moon_sw.elf.dir/c/Users/34684/Desktop/PAE/Nanosat/Software/Project/CM4/Middlewares/Third_Party/FreeRTOS/queue.c.obj
 .text.prvCopyDataToQueue
                0x10003270       0x76 CMakeFiles/pocat_moon_sw.elf.dir/c/Users/34684/Desktop/PAE/Nanosat/Software/Project/CM4/Middlewares/Third_Party/FreeRTOS/queue.c.obj
 .text.prvUnlockQueue
                0x100032e6       0x6e CMakeFiles/pocat_moon_sw.elf.dir/c/Users/34684/Desktop/PAE/Nanosat/Software/Project/CM4/Middlewares/Third_Party/FreeRTOS/queue.c.obj
 .text.xQueueGenericReset
                0x10003354       0x84 CMakeFiles/pocat_moon_sw.elf.dir/c/Users/34684/Desktop/PAE/Nanosat/Software/Project/CM4/Middlewares/Third_Party/FreeRTOS/queue.c.obj
                0x10003354                xQueueGenericReset
 .text.prvInitialiseNewQueue
                0x100033d8       0x22 CMakeFiles/pocat_moon_sw.elf.dir/c/Users/34684/Desktop/PAE/Nanosat/Software/Project/CM4/Middlewares/Third_Party/FreeRTOS/queue.c.obj
 .text.xQueueGenericCreate
                0x100033fa       0x48 CMakeFiles/pocat_moon_sw.elf.dir/c/Users/34684/Desktop/PAE/Nanosat/Software/Project/CM4/Middlewares/Third_Party/FreeRTOS/queue.c.obj
                0x100033fa                xQueueGenericCreate
 .text.xQueueGenericSend
                0x10003442      0x188 CMakeFiles/pocat_moon_sw.elf.dir/c/Users/34684/Desktop/PAE/Nanosat/Software/Project/CM4/Middlewares/Third_Party/FreeRTOS/queue.c.obj
                0x10003442                xQueueGenericSend
 .text.prvInitialiseMutex
                0x100035ca       0x18 CMakeFiles/pocat_moon_sw.elf.dir/c/Users/34684/Desktop/PAE/Nanosat/Software/Project/CM4/Middlewares/Third_Party/FreeRTOS/queue.c.obj
 .text.xQueueCreateMutex
                0x100035e2       0x16 CMakeFiles/pocat_moon_sw.elf.dir/c/Users/34684/Desktop/PAE/Nanosat/Software/Project/CM4/Middlewares/Third_Party/FreeRTOS/queue.c.obj
                0x100035e2                xQueueCreateMutex
 .text.prvResetNextTaskUnblockTime
                0x100035f8       0x2c CMakeFiles/pocat_moon_sw.elf.dir/c/Users/34684/Desktop/PAE/Nanosat/Software/Project/CM4/Middlewares/Third_Party/FreeRTOS/tasks.c.obj
 .text.prvInitialiseNewTask
                0x10003624      0x104 CMakeFiles/pocat_moon_sw.elf.dir/c/Users/34684/Desktop/PAE/Nanosat/Software/Project/CM4/Middlewares/Third_Party/FreeRTOS/tasks.c.obj
 .text.prvInitialiseTaskLists
                0x10003728       0x68 CMakeFiles/pocat_moon_sw.elf.dir/c/Users/34684/Desktop/PAE/Nanosat/Software/Project/CM4/Middlewares/Third_Party/FreeRTOS/tasks.c.obj
 .text.prvAddNewTaskToReadyList
                0x10003790       0xac CMakeFiles/pocat_moon_sw.elf.dir/c/Users/34684/Desktop/PAE/Nanosat/Software/Project/CM4/Middlewares/Third_Party/FreeRTOS/tasks.c.obj
 .text.prvDeleteTCB
                0x1000383c       0x40 CMakeFiles/pocat_moon_sw.elf.dir/c/Users/34684/Desktop/PAE/Nanosat/Software/Project/CM4/Middlewares/Third_Party/FreeRTOS/tasks.c.obj
 .text.prvCheckTasksWaitingTermination
                0x1000387c       0x4c CMakeFiles/pocat_moon_sw.elf.dir/c/Users/34684/Desktop/PAE/Nanosat/Software/Project/CM4/Middlewares/Third_Party/FreeRTOS/tasks.c.obj
 .text.prvIdleTask
                0x100038c8       0x28 CMakeFiles/pocat_moon_sw.elf.dir/c/Users/34684/Desktop/PAE/Nanosat/Software/Project/CM4/Middlewares/Third_Party/FreeRTOS/tasks.c.obj
 .text.prvAddCurrentTaskToDelayedList
                0x100038f0       0x98 CMakeFiles/pocat_moon_sw.elf.dir/c/Users/34684/Desktop/PAE/Nanosat/Software/Project/CM4/Middlewares/Third_Party/FreeRTOS/tasks.c.obj
 .text.xTaskCreateStatic
                0x10003988       0x7a CMakeFiles/pocat_moon_sw.elf.dir/c/Users/34684/Desktop/PAE/Nanosat/Software/Project/CM4/Middlewares/Third_Party/FreeRTOS/tasks.c.obj
                0x10003988                xTaskCreateStatic
 .text.xTaskCreate
                0x10003a02       0x66 CMakeFiles/pocat_moon_sw.elf.dir/c/Users/34684/Desktop/PAE/Nanosat/Software/Project/CM4/Middlewares/Third_Party/FreeRTOS/tasks.c.obj
                0x10003a02                xTaskCreate
 .text.vTaskStartScheduler
                0x10003a68       0x88 CMakeFiles/pocat_moon_sw.elf.dir/c/Users/34684/Desktop/PAE/Nanosat/Software/Project/CM4/Middlewares/Third_Party/FreeRTOS/tasks.c.obj
                0x10003a68                vTaskStartScheduler
 .text.vTaskSuspendAll
                0x10003af0       0x10 CMakeFiles/pocat_moon_sw.elf.dir/c/Users/34684/Desktop/PAE/Nanosat/Software/Project/CM4/Middlewares/Third_Party/FreeRTOS/tasks.c.obj
                0x10003af0                vTaskSuspendAll
 .text.xTaskIncrementTick
                0x10003b00      0x118 CMakeFiles/pocat_moon_sw.elf.dir/c/Users/34684/Desktop/PAE/Nanosat/Software/Project/CM4/Middlewares/Third_Party/FreeRTOS/tasks.c.obj
                0x10003b00                xTaskIncrementTick
 .text.xTaskResumeAll
                0x10003c18       0xf8 CMakeFiles/pocat_moon_sw.elf.dir/c/Users/34684/Desktop/PAE/Nanosat/Software/Project/CM4/Middlewares/Third_Party/FreeRTOS/tasks.c.obj
                0x10003c18                xTaskResumeAll
 .text.vTaskSwitchContext
                0x10003d10       0xcc CMakeFiles/pocat_moon_sw.elf.dir/c/Users/34684/Desktop/PAE/Nanosat/Software/Project/CM4/Middlewares/Third_Party/FreeRTOS/tasks.c.obj
                0x10003d10                vTaskSwitchContext
 .text.vTaskPlaceOnEventList
                0x10003ddc       0x30 CMakeFiles/pocat_moon_sw.elf.dir/c/Users/34684/Desktop/PAE/Nanosat/Software/Project/CM4/Middlewares/Third_Party/FreeRTOS/tasks.c.obj
                0x10003ddc                vTaskPlaceOnEventList
 .text.xTaskRemoveFromEventList
                0x10003e0c       0x8c CMakeFiles/pocat_moon_sw.elf.dir/c/Users/34684/Desktop/PAE/Nanosat/Software/Project/CM4/Middlewares/Third_Party/FreeRTOS/tasks.c.obj
                0x10003e0c                xTaskRemoveFromEventList
 .text.vTaskInternalSetTimeOutState
                0x10003e98       0x18 CMakeFiles/pocat_moon_sw.elf.dir/c/Users/34684/Desktop/PAE/Nanosat/Software/Project/CM4/Middlewares/Third_Party/FreeRTOS/tasks.c.obj
                0x10003e98                vTaskInternalSetTimeOutState
 .text.xTaskCheckForTimeOut
                0x10003eb0       0x84 CMakeFiles/pocat_moon_sw.elf.dir/c/Users/34684/Desktop/PAE/Nanosat/Software/Project/CM4/Middlewares/Third_Party/FreeRTOS/tasks.c.obj
                0x10003eb0                xTaskCheckForTimeOut
 .text.vTaskMissedYield
                0x10003f34        0xc CMakeFiles/pocat_moon_sw.elf.dir/c/Users/34684/Desktop/PAE/Nanosat/Software/Project/CM4/Middlewares/Third_Party/FreeRTOS/tasks.c.obj
                0x10003f34                vTaskMissedYield
 .text.xTaskGetSchedulerState
                0x10003f40       0x20 CMakeFiles/pocat_moon_sw.elf.dir/c/Users/34684/Desktop/PAE/Nanosat/Software/Project/CM4/Middlewares/Third_Party/FreeRTOS/tasks.c.obj
                0x10003f40                xTaskGetSchedulerState
 .text.xTaskPriorityDisinherit
                0x10003f60       0xb0 CMakeFiles/pocat_moon_sw.elf.dir/c/Users/34684/Desktop/PAE/Nanosat/Software/Project/CM4/Middlewares/Third_Party/FreeRTOS/tasks.c.obj
                0x10003f60                xTaskPriorityDisinherit
 .text.xTaskNotifyWait
                0x10004010       0xa4 CMakeFiles/pocat_moon_sw.elf.dir/c/Users/34684/Desktop/PAE/Nanosat/Software/Project/CM4/Middlewares/Third_Party/FreeRTOS/tasks.c.obj
                0x10004010                xTaskNotifyWait
 .text.xTaskGenericNotify
                0x100040b4      0x108 CMakeFiles/pocat_moon_sw.elf.dir/c/Users/34684/Desktop/PAE/Nanosat/Software/Project/CM4/Middlewares/Third_Party/FreeRTOS/tasks.c.obj
                0x100040b4                xTaskGenericNotify
 .text.prvTaskExitError
                0x100041bc       0x40 CMakeFiles/pocat_moon_sw.elf.dir/c/Users/34684/Desktop/PAE/Nanosat/Software/Project/CM4/Middlewares/Third_Party/FreeRTOS/portable/GCC/ARM_CM4F/port.c.obj
 .text.prvPortStartFirstTask
                0x100041fc       0x28 CMakeFiles/pocat_moon_sw.elf.dir/c/Users/34684/Desktop/PAE/Nanosat/Software/Project/CM4/Middlewares/Third_Party/FreeRTOS/portable/GCC/ARM_CM4F/port.c.obj
 .text.vPortEnableVFP
                0x10004224       0x14 CMakeFiles/pocat_moon_sw.elf.dir/c/Users/34684/Desktop/PAE/Nanosat/Software/Project/CM4/Middlewares/Third_Party/FreeRTOS/portable/GCC/ARM_CM4F/port.c.obj
 .text.pxPortInitialiseStack
                0x10004238       0x2c CMakeFiles/pocat_moon_sw.elf.dir/c/Users/34684/Desktop/PAE/Nanosat/Software/Project/CM4/Middlewares/Third_Party/FreeRTOS/portable/GCC/ARM_CM4F/port.c.obj
                0x10004238                pxPortInitialiseStack
 *fill*         0x10004264        0xc 
 .text.SVC_Handler
                0x10004270       0x24 CMakeFiles/pocat_moon_sw.elf.dir/c/Users/34684/Desktop/PAE/Nanosat/Software/Project/CM4/Middlewares/Third_Party/FreeRTOS/portable/GCC/ARM_CM4F/port.c.obj
                0x10004270                SVC_Handler
 .text.vPortEnterCritical
                0x10004294       0x44 CMakeFiles/pocat_moon_sw.elf.dir/c/Users/34684/Desktop/PAE/Nanosat/Software/Project/CM4/Middlewares/Third_Party/FreeRTOS/portable/GCC/ARM_CM4F/port.c.obj
                0x10004294                vPortEnterCritical
 .text.vPortExitCritical
                0x100042d8       0x2c CMakeFiles/pocat_moon_sw.elf.dir/c/Users/34684/Desktop/PAE/Nanosat/Software/Project/CM4/Middlewares/Third_Party/FreeRTOS/portable/GCC/ARM_CM4F/port.c.obj
                0x100042d8                vPortExitCritical
 *fill*         0x10004304        0xc 
 .text.PendSV_Handler
                0x10004310       0x64 CMakeFiles/pocat_moon_sw.elf.dir/c/Users/34684/Desktop/PAE/Nanosat/Software/Project/CM4/Middlewares/Third_Party/FreeRTOS/portable/GCC/ARM_CM4F/port.c.obj
                0x10004310                PendSV_Handler
 .text.SysTick_Handler
                0x10004374       0x2c CMakeFiles/pocat_moon_sw.elf.dir/c/Users/34684/Desktop/PAE/Nanosat/Software/Project/CM4/Middlewares/Third_Party/FreeRTOS/portable/GCC/ARM_CM4F/port.c.obj
                0x10004374                SysTick_Handler
 .text.vPortSetupTimerInterrupt
                0x100043a0       0x28 CMakeFiles/pocat_moon_sw.elf.dir/c/Users/34684/Desktop/PAE/Nanosat/Software/Project/CM4/Middlewares/Third_Party/FreeRTOS/portable/GCC/ARM_CM4F/port.c.obj
                0x100043a0                vPortSetupTimerInterrupt
 .text.xPortStartScheduler
                0x100043c8      0x118 CMakeFiles/pocat_moon_sw.elf.dir/c/Users/34684/Desktop/PAE/Nanosat/Software/Project/CM4/Middlewares/Third_Party/FreeRTOS/portable/GCC/ARM_CM4F/port.c.obj
                0x100043c8                xPortStartScheduler
 .text.prvHeapInit
                0x100044e0       0x6c CMakeFiles/pocat_moon_sw.elf.dir/c/Users/34684/Desktop/PAE/Nanosat/Software/Project/CM4/Middlewares/Third_Party/FreeRTOS/portable/MemMang/heap_4.c.obj
 .text.prvInsertBlockIntoFreeList
                0x1000454c       0x64 CMakeFiles/pocat_moon_sw.elf.dir/c/Users/34684/Desktop/PAE/Nanosat/Software/Project/CM4/Middlewares/Third_Party/FreeRTOS/portable/MemMang/heap_4.c.obj
 .text.pvPortMalloc
                0x100045b0      0x104 CMakeFiles/pocat_moon_sw.elf.dir/c/Users/34684/Desktop/PAE/Nanosat/Software/Project/CM4/Middlewares/Third_Party/FreeRTOS/portable/MemMang/heap_4.c.obj
                0x100045b0                pvPortMalloc
 .text.vPortFree
                0x100046b4       0x7c CMakeFiles/pocat_moon_sw.elf.dir/c/Users/34684/Desktop/PAE/Nanosat/Software/Project/CM4/Middlewares/Third_Party/FreeRTOS/portable/MemMang/heap_4.c.obj
                0x100046b4                vPortFree
 .text.testing_handler
                0x10004730       0x10 CMakeFiles/pocat_moon_sw.elf.dir/c/Users/34684/Desktop/PAE/Nanosat/Software/Project/CM4/Application/Src/Services/Events/Handlers/evt_comms_handlers.c.obj
                0x10004730                testing_handler
 .text.EVT_ResolveHandlersFromNotify
                0x10004740       0x38 CMakeFiles/pocat_moon_sw.elf.dir/c/Users/34684/Desktop/PAE/Nanosat/Software/Project/CM4/Application/Src/Services/Events/evt_core.c.obj
                0x10004740                EVT_ResolveHandlersFromNotify
 .text.EVT_GetHandlers
                0x10004778       0x24 CMakeFiles/pocat_moon_sw.elf.dir/c/Users/34684/Desktop/PAE/Nanosat/Software/Project/CM4/Application/Src/Services/Events/evt_tables.c.obj
                0x10004778                EVT_GetHandlers
 .text.EVT_GetConfig
                0x1000479c       0x20 CMakeFiles/pocat_moon_sw.elf.dir/c/Users/34684/Desktop/PAE/Nanosat/Software/Project/CM4/Application/Src/Services/Events/evt_tables.c.obj
                0x1000479c                EVT_GetConfig
 .text.DispatchStateHandler
                0x100047bc       0x52 CMakeFiles/pocat_moon_sw.elf.dir/c/Users/34684/Desktop/PAE/Nanosat/Software/Project/CM4/Application/Src/Services/Manager/obc_manager.c.obj
 *fill*         0x1000480e        0x2 
 .text.create_tasks
                0x10004810       0xd0 CMakeFiles/pocat_moon_sw.elf.dir/c/Users/34684/Desktop/PAE/Nanosat/Software/Project/CM4/Application/Src/Services/Manager/obc_manager.c.obj
 .text.setup_obc
                0x100048e0       0x20 CMakeFiles/pocat_moon_sw.elf.dir/c/Users/34684/Desktop/PAE/Nanosat/Software/Project/CM4/Application/Src/Services/Manager/obc_manager.c.obj
 .text.process_obc
                0x10004900       0x34 CMakeFiles/pocat_moon_sw.elf.dir/c/Users/34684/Desktop/PAE/Nanosat/Software/Project/CM4/Application/Src/Services/Manager/obc_manager.c.obj
 .text.obc_task
                0x10004934       0x14 CMakeFiles/pocat_moon_sw.elf.dir/c/Users/34684/Desktop/PAE/Nanosat/Software/Project/CM4/Application/Src/Services/Manager/obc_manager.c.obj
                0x10004934                obc_task
 .text.Notify_OBC_From_Task
                0x10004948       0x40 CMakeFiles/pocat_moon_sw.elf.dir/c/Users/34684/Desktop/PAE/Nanosat/Software/Project/CM4/Application/Src/Services/Manager/obc_manager.c.obj
                0x10004948                Notify_OBC_From_Task
 .text.process_adcs
                0x10004988       0x10 CMakeFiles/pocat_moon_sw.elf.dir/c/Users/34684/Desktop/PAE/Nanosat/Software/Project/CM4/Application/Src/Subsystems/adcs.c.obj
 .text.adcs_task
                0x10004998        0x8 CMakeFiles/pocat_moon_sw.elf.dir/c/Users/34684/Desktop/PAE/Nanosat/Software/Project/CM4/Application/Src/Subsystems/adcs.c.obj
                0x10004998                adcs_task
 .text.setup_comms
                0x100049a0       0x10 CMakeFiles/pocat_moon_sw.elf.dir/c/Users/34684/Desktop/PAE/Nanosat/Software/Project/CM4/Application/Src/Subsystems/comms.c.obj
 .text.process_comms
                0x100049b0       0x18 CMakeFiles/pocat_moon_sw.elf.dir/c/Users/34684/Desktop/PAE/Nanosat/Software/Project/CM4/Application/Src/Subsystems/comms.c.obj
 .text.comms_task
                0x100049c8        0xc CMakeFiles/pocat_moon_sw.elf.dir/c/Users/34684/Desktop/PAE/Nanosat/Software/Project/CM4/Application/Src/Subsystems/comms.c.obj
                0x100049c8                comms_task
 .text.setup_eps
                0x100049d4       0x10 CMakeFiles/pocat_moon_sw.elf.dir/c/Users/34684/Desktop/PAE/Nanosat/Software/Project/CM4/Application/Src/Subsystems/eps.c.obj
 .text.process_eps
                0x100049e4       0x1c CMakeFiles/pocat_moon_sw.elf.dir/c/Users/34684/Desktop/PAE/Nanosat/Software/Project/CM4/Application/Src/Subsystems/eps.c.obj
 .text.eps_task
                0x10004a00        0xc CMakeFiles/pocat_moon_sw.elf.dir/c/Users/34684/Desktop/PAE/Nanosat/Software/Project/CM4/Application/Src/Subsystems/eps.c.obj
                0x10004a00                eps_task
 .text.setup_health
                0x10004a0c       0x10 CMakeFiles/pocat_moon_sw.elf.dir/c/Users/34684/Desktop/PAE/Nanosat/Software/Project/CM4/Application/Src/Subsystems/health.c.obj
 .text.process_health
                0x10004a1c       0x1c CMakeFiles/pocat_moon_sw.elf.dir/c/Users/34684/Desktop/PAE/Nanosat/Software/Project/CM4/Application/Src/Subsystems/health.c.obj
 .text.health_task
                0x10004a38        0xc CMakeFiles/pocat_moon_sw.elf.dir/c/Users/34684/Desktop/PAE/Nanosat/Software/Project/CM4/Application/Src/Subsystems/health.c.obj
                0x10004a38                health_task
 .text.setup_obdh
                0x10004a44       0x10 CMakeFiles/pocat_moon_sw.elf.dir/c/Users/34684/Desktop/PAE/Nanosat/Software/Project/CM4/Application/Src/Subsystems/obdh.c.obj
 .text.process_obdh
                0x10004a54       0x1c CMakeFiles/pocat_moon_sw.elf.dir/c/Users/34684/Desktop/PAE/Nanosat/Software/Project/CM4/Application/Src/Subsystems/obdh.c.obj
 .text.obdh_task
                0x10004a70        0xc CMakeFiles/pocat_moon_sw.elf.dir/c/Users/34684/Desktop/PAE/Nanosat/Software/Project/CM4/Application/Src/Subsystems/obdh.c.obj
                0x10004a70                obdh_task
 .text.process_payload
                0x10004a7c       0x10 CMakeFiles/pocat_moon_sw.elf.dir/c/Users/34684/Desktop/PAE/Nanosat/Software/Project/CM4/Application/Src/Subsystems/payload.c.obj
 .text.payload_task
                0x10004a8c        0x8 CMakeFiles/pocat_moon_sw.elf.dir/c/Users/34684/Desktop/PAE/Nanosat/Software/Project/CM4/Application/Src/Subsystems/payload.c.obj
                0x10004a8c                payload_task
 .text.configureTimerForRunTimeStats
                0x10004a94        0x2 CMakeFiles/pocat_moon_sw.elf.dir/c/Users/34684/Desktop/PAE/Nanosat/Software/Project/CM4/Application/Src/Utils/freertos.c.obj
                0x10004a94                configureTimerForRunTimeStats
 .text.getRunTimeCounterValue
                0x10004a96        0x4 CMakeFiles/pocat_moon_sw.elf.dir/c/Users/34684/Desktop/PAE/Nanosat/Software/Project/CM4/Application/Src/Utils/freertos.c.obj
                0x10004a96                getRunTimeCounterValue
 *fill*         0x10004a9a        0x2 
 .text.vApplicationGetIdleTaskMemory
                0x10004a9c       0x18 CMakeFiles/pocat_moon_sw.elf.dir/c/Users/34684/Desktop/PAE/Nanosat/Software/Project/CM4/Application/Src/Utils/freertos.c.obj
                0x10004a9c                vApplicationGetIdleTaskMemory
 .text.waitForNotification
                0x10004ab4       0x12 CMakeFiles/pocat_moon_sw.elf.dir/c/Users/34684/Desktop/PAE/Nanosat/Software/Project/CM4/Application/Src/common.c.obj
                0x10004ab4                waitForNotification
 .text.MX_DMA_Init
                0x10004ac6       0x12 CMakeFiles/pocat_moon_sw.elf.dir/c/Users/34684/Desktop/PAE/Nanosat/Software/Project/CM4/Core/Src/main.c.obj
 .text.MX_GPIO_Init
                0x10004ad8       0x18 CMakeFiles/pocat_moon_sw.elf.dir/c/Users/34684/Desktop/PAE/Nanosat/Software/Project/CM4/Core/Src/main.c.obj
 .text.HAL_TIM_PeriodElapsedCallback
                0x10004af0       0x12 CMakeFiles/pocat_moon_sw.elf.dir/c/Users/34684/Desktop/PAE/Nanosat/Software/Project/CM4/Core/Src/main.c.obj
                0x10004af0                HAL_TIM_PeriodElapsedCallback
 .text.Error_Handler
                0x10004b02        0x4 CMakeFiles/pocat_moon_sw.elf.dir/c/Users/34684/Desktop/PAE/Nanosat/Software/Project/CM4/Core/Src/main.c.obj
                0x10004b02                Error_Handler
 *fill*         0x10004b06        0x2 
 .text.MX_IPCC_Init
                0x10004b08       0x1c CMakeFiles/pocat_moon_sw.elf.dir/c/Users/34684/Desktop/PAE/Nanosat/Software/Project/CM4/Core/Src/main.c.obj
 .text.SystemClock_Config
                0x10004b24       0xf2 CMakeFiles/pocat_moon_sw.elf.dir/c/Users/34684/Desktop/PAE/Nanosat/Software/Project/CM4/Core/Src/main.c.obj
                0x10004b24                SystemClock_Config
 .text.PeriphCommonClock_Config
                0x10004c16       0x30 CMakeFiles/pocat_moon_sw.elf.dir/c/Users/34684/Desktop/PAE/Nanosat/Software/Project/CM4/Core/Src/main.c.obj
                0x10004c16                PeriphCommonClock_Config
 *fill*         0x10004c46        0x2 
 .text.main     0x10004c48       0x80 CMakeFiles/pocat_moon_sw.elf.dir/c/Users/34684/Desktop/PAE/Nanosat/Software/Project/CM4/Core/Src/main.c.obj
                0x10004c48                main
 .text.HAL_MspInit
                0x10004cc8       0x68 CMakeFiles/pocat_moon_sw.elf.dir/c/Users/34684/Desktop/PAE/Nanosat/Software/Project/CM4/Core/Src/stm32mp1xx_hal_msp.c.obj
                0x10004cc8                HAL_MspInit
 .text.HAL_IPCC_MspInit
                0x10004d30       0x40 CMakeFiles/pocat_moon_sw.elf.dir/c/Users/34684/Desktop/PAE/Nanosat/Software/Project/CM4/Core/Src/stm32mp1xx_hal_msp.c.obj
                0x10004d30                HAL_IPCC_MspInit
 .text.HAL_InitTick
                0x10004d70       0x70 CMakeFiles/pocat_moon_sw.elf.dir/c/Users/34684/Desktop/PAE/Nanosat/Software/Project/CM4/Core/Src/stm32mp1xx_hal_timebase_tim.c.obj
                0x10004d70                HAL_InitTick
 .text.NMI_Handler
                0x10004de0        0x2 CMakeFiles/pocat_moon_sw.elf.dir/c/Users/34684/Desktop/PAE/Nanosat/Software/Project/CM4/Core/Src/stm32mp1xx_it.c.obj
                0x10004de0                NMI_Handler
 .text.HardFault_Handler
                0x10004de2        0x2 CMakeFiles/pocat_moon_sw.elf.dir/c/Users/34684/Desktop/PAE/Nanosat/Software/Project/CM4/Core/Src/stm32mp1xx_it.c.obj
                0x10004de2                HardFault_Handler
 .text.MemManage_Handler
                0x10004de4        0x2 CMakeFiles/pocat_moon_sw.elf.dir/c/Users/34684/Desktop/PAE/Nanosat/Software/Project/CM4/Core/Src/stm32mp1xx_it.c.obj
                0x10004de4                MemManage_Handler
 .text.BusFault_Handler
                0x10004de6        0x2 CMakeFiles/pocat_moon_sw.elf.dir/c/Users/34684/Desktop/PAE/Nanosat/Software/Project/CM4/Core/Src/stm32mp1xx_it.c.obj
                0x10004de6                BusFault_Handler
 .text.UsageFault_Handler
                0x10004de8        0x2 CMakeFiles/pocat_moon_sw.elf.dir/c/Users/34684/Desktop/PAE/Nanosat/Software/Project/CM4/Core/Src/stm32mp1xx_it.c.obj
                0x10004de8                UsageFault_Handler
 .text.DebugMon_Handler
                0x10004dea        0x2 CMakeFiles/pocat_moon_sw.elf.dir/c/Users/34684/Desktop/PAE/Nanosat/Software/Project/CM4/Core/Src/stm32mp1xx_it.c.obj
                0x10004dea                DebugMon_Handler
 .text.TIM6_IRQHandler
                0x10004dec       0x1c CMakeFiles/pocat_moon_sw.elf.dir/c/Users/34684/Desktop/PAE/Nanosat/Software/Project/CM4/Core/Src/stm32mp1xx_it.c.obj
                0x10004dec                TIM6_IRQHandler
 .text.IPCC_RX1_IRQHandler
                0x10004e08       0x10 CMakeFiles/pocat_moon_sw.elf.dir/c/Users/34684/Desktop/PAE/Nanosat/Software/Project/CM4/Core/Src/stm32mp1xx_it.c.obj
                0x10004e08                IPCC_RX1_IRQHandler
 .text.IPCC_TX1_IRQHandler
                0x10004e18       0x10 CMakeFiles/pocat_moon_sw.elf.dir/c/Users/34684/Desktop/PAE/Nanosat/Software/Project/CM4/Core/Src/stm32mp1xx_it.c.obj
                0x10004e18                IPCC_TX1_IRQHandler
 .text.RCC_WAKEUP_IRQHandler
                0x10004e28        0x8 CMakeFiles/pocat_moon_sw.elf.dir/c/Users/34684/Desktop/PAE/Nanosat/Software/Project/CM4/Core/Src/stm32mp1xx_it.c.obj
                0x10004e28                RCC_WAKEUP_IRQHandler
 .text._read    0x10004e30       0x20 CMakeFiles/pocat_moon_sw.elf.dir/c/Users/34684/Desktop/PAE/Nanosat/Software/Project/CM4/Core/Src/syscalls.c.obj
                0x10004e30                _read
 .text._write   0x10004e50       0x1c CMakeFiles/pocat_moon_sw.elf.dir/c/Users/34684/Desktop/PAE/Nanosat/Software/Project/CM4/Core/Src/syscalls.c.obj
                0x10004e50                _write
 .text._close   0x10004e6c        0x6 CMakeFiles/pocat_moon_sw.elf.dir/c/Users/34684/Desktop/PAE/Nanosat/Software/Project/CM4/Core/Src/syscalls.c.obj
                0x10004e6c                _close
 .text._fstat   0x10004e72        0xa CMakeFiles/pocat_moon_sw.elf.dir/c/Users/34684/Desktop/PAE/Nanosat/Software/Project/CM4/Core/Src/syscalls.c.obj
                0x10004e72                _fstat
 .text._isatty  0x10004e7c        0x4 CMakeFiles/pocat_moon_sw.elf.dir/c/Users/34684/Desktop/PAE/Nanosat/Software/Project/CM4/Core/Src/syscalls.c.obj
                0x10004e7c                _isatty
 .text._lseek   0x10004e80        0x4 CMakeFiles/pocat_moon_sw.elf.dir/c/Users/34684/Desktop/PAE/Nanosat/Software/Project/CM4/Core/Src/syscalls.c.obj
                0x10004e80                _lseek
 .text._sbrk    0x10004e84       0x48 CMakeFiles/pocat_moon_sw.elf.dir/c/Users/34684/Desktop/PAE/Nanosat/Software/Project/CM4/Core/Src/sysmem.c.obj
                0x10004e84                _sbrk
 .text.Default_Handler
                0x10004ecc        0x2 CMakeFiles/pocat_moon_sw.elf.dir/c/Users/34684/Desktop/PAE/Nanosat/Software/Project/CM4/Core/Startup/startup_stm32mp157facx.s.obj
                0x10004ecc                EXTI2_IRQHandler
                0x10004ecc                TIM8_TRG_COM_IRQHandler
                0x10004ecc                TIM8_CC_IRQHandler
                0x10004ecc                EXTI5_IRQHandler
                0x10004ecc                UART8_IRQHandler
                0x10004ecc                SPI4_IRQHandler
                0x10004ecc                EXTI13_IRQHandler
                0x10004ecc                TIM1_CC_IRQHandler
                0x10004ecc                DMA2_Stream5_IRQHandler
                0x10004ecc                ETH1_WKUP_IRQHandler
                0x10004ecc                TAMP_IRQHandler
                0x10004ecc                DMA1_Stream5_IRQHandler
                0x10004ecc                EXTI12_IRQHandler
                0x10004ecc                EXTI3_IRQHandler
                0x10004ecc                LPTIM4_IRQHandler
                0x10004ecc                EXTI8_IRQHandler
                0x10004ecc                LPTIM2_IRQHandler
                0x10004ecc                DFSDM1_FLT1_IRQHandler
                0x10004ecc                I2C3_ER_IRQHandler
                0x10004ecc                DFSDM1_FLT2_IRQHandler
                0x10004ecc                I2C5_EV_IRQHandler
                0x10004ecc                MDMA_IRQHandler
                0x10004ecc                LPTIM3_IRQHandler
                0x10004ecc                EXTI0_IRQHandler
                0x10004ecc                I2C2_EV_IRQHandler
                0x10004ecc                DMA1_Stream2_IRQHandler
                0x10004ecc                FPU_IRQHandler
                0x10004ecc                USBH_OHCI_IRQHandler
                0x10004ecc                FDCAN1_IT1_IRQHandler
                0x10004ecc                LTDC_ER_IRQHandler
                0x10004ecc                DMA2_Stream2_IRQHandler
                0x10004ecc                IPCC_RX0_IRQHandler
                0x10004ecc                OTG_IRQHandler
                0x10004ecc                SPI1_IRQHandler
                0x10004ecc                DCMI_IRQHandler
                0x10004ecc                TIM8_UP_IRQHandler
                0x10004ecc                DMA2_Stream3_IRQHandler
                0x10004ecc                USBH_EHCI_IRQHandler
                0x10004ecc                nCTIIRQ2_IRQHandler
                0x10004ecc                HASH1_IRQHandler
                0x10004ecc                GPU_IRQHandler
                0x10004ecc                SAI2_IRQHandler
                0x10004ecc                ADC1_IRQHandler
                0x10004ecc                RESERVED148_IRQHandler
                0x10004ecc                RTC_TIMESTAMP_IRQHandler
                0x10004ecc                DFSDM1_FLT3_IRQHandler
                0x10004ecc                USART6_IRQHandler
                0x10004ecc                EXTI15_IRQHandler
                0x10004ecc                TIM17_IRQHandler
                0x10004ecc                USART3_IRQHandler
                0x10004ecc                EXTI9_IRQHandler
                0x10004ecc                LPTIM5_IRQHandler
                0x10004ecc                UART5_IRQHandler
                0x10004ecc                DMA2_Stream0_IRQHandler
                0x10004ecc                TIM4_IRQHandler
                0x10004ecc                CRYP2_IRQHandler
                0x10004ecc                QUADSPI_IRQHandler
                0x10004ecc                I2C1_EV_IRQHandler
                0x10004ecc                DMA1_Stream6_IRQHandler
                0x10004ecc                RESERVED99_IRQHandler
                0x10004ecc                DMAMUX1_OVR_IRQHandler
                0x10004ecc                DMA1_Stream1_IRQHandler
                0x10004ecc                TIM16_IRQHandler
                0x10004ecc                UART4_IRQHandler
                0x10004ecc                TIM3_IRQHandler
                0x10004ecc                RCC_IRQHandler
                0x10004ecc                TIM1_TRG_COM_IRQHandler
                0x10004ecc                nCTIIRQ1_IRQHandler
                0x10004ecc                Default_Handler
                0x10004ecc                CEC_IRQHandler
                0x10004ecc                DFSDM1_FLT4_IRQHandler
                0x10004ecc                TIM14_IRQHandler
                0x10004ecc                I2C5_ER_IRQHandler
                0x10004ecc                TIM13_IRQHandler
                0x10004ecc                DMA1_Stream7_IRQHandler
                0x10004ecc                IPCC_TX0_IRQHandler
                0x10004ecc                SPI5_IRQHandler
                0x10004ecc                TIM12_IRQHandler
                0x10004ecc                TIM7_IRQHandler
                0x10004ecc                SDMMC1_IRQHandler
                0x10004ecc                TIM5_IRQHandler
                0x10004ecc                DMA2_Stream7_IRQHandler
                0x10004ecc                TIM15_IRQHandler
                0x10004ecc                PVD_AVD_IRQHandler
                0x10004ecc                I2C3_EV_IRQHandler
                0x10004ecc                SDMMC3_IRQHandler
                0x10004ecc                ETH1_IRQHandler
                0x10004ecc                LTDC_IRQHandler
                0x10004ecc                SAI3_IRQHandler
                0x10004ecc                SPDIF_RX_IRQHandler
                0x10004ecc                ADC2_IRQHandler
                0x10004ecc                SPI2_IRQHandler
                0x10004ecc                DFSDM1_FLT5_IRQHandler
                0x10004ecc                DMA1_Stream0_IRQHandler
                0x10004ecc                EXTI14_IRQHandler
                0x10004ecc                EXTI11_IRQHandler
                0x10004ecc                CRYP1_IRQHandler
                0x10004ecc                RNG2_IRQHandler
                0x10004ecc                RNG1_IRQHandler
                0x10004ecc                HASH2_IRQHandler
                0x10004ecc                EXTI4_IRQHandler
                0x10004ecc                ETH1_LPI_IRQHandler
                0x10004ecc                FDCAN2_IT1_IRQHandler
                0x10004ecc                DSI_IRQHandler
                0x10004ecc                TIM1_UP_IRQHandler
                0x10004ecc                HSEM_IT2_IRQHandler
                0x10004ecc                SPI6_IRQHandler
                0x10004ecc                MDIOS_IRQHandler
                0x10004ecc                I2C4_EV_IRQHandler
                0x10004ecc                FDCAN2_IT0_IRQHandler
                0x10004ecc                I2C6_ER_IRQHandler
                0x10004ecc                FDCAN1_IT0_IRQHandler
                0x10004ecc                TIM2_IRQHandler
                0x10004ecc                EXTI7_IRQHandler
                0x10004ecc                TIM1_BRK_IRQHandler
                0x10004ecc                DAC_IRQHandler
                0x10004ecc                EXTI1_IRQHandler
                0x10004ecc                SDMMC2_IRQHandler
                0x10004ecc                DTS_IRQHandler
                0x10004ecc                UART7_IRQHandler
                0x10004ecc                USART2_IRQHandler
                0x10004ecc                I2C6_EV_IRQHandler
                0x10004ecc                DFSDM1_FLT0_IRQHandler
                0x10004ecc                SAI4_IRQHandler
                0x10004ecc                I2C2_ER_IRQHandler
                0x10004ecc                DMA2_Stream1_IRQHandler
                0x10004ecc                TIM8_BRK_IRQHandler
                0x10004ecc                WWDG1_IRQHandler
                0x10004ecc                DMA2_Stream4_IRQHandler
                0x10004ecc                USART1_IRQHandler
                0x10004ecc                RESERVED143_IRQHandler
                0x10004ecc                EXTI10_IRQHandler
                0x10004ecc                SPI3_IRQHandler
                0x10004ecc                WAKEUP_PIN_IRQHandler
                0x10004ecc                DMA1_Stream4_IRQHandler
                0x10004ecc                I2C1_ER_IRQHandler
                0x10004ecc                FMC_IRQHandler
                0x10004ecc                FDCAN_CAL_IRQHandler
                0x10004ecc                EXTI6_IRQHandler
                0x10004ecc                MPU_SEV_IRQHandler
                0x10004ecc                LPTIM1_IRQHandler
                0x10004ecc                RTC_WKUP_ALARM_IRQHandler
                0x10004ecc                I2C4_ER_IRQHandler
                0x10004ecc                DMA2_Stream6_IRQHandler
                0x10004ecc                SAI1_IRQHandler
                0x10004ecc                DMA1_Stream3_IRQHandler
                0x10004ecc                RESERVED4_IRQHandler
 *fill*         0x10004ece        0x2 
 .text.printf   0x10004ed0       0x24 C:/Program Files (x86)/Arm GNU Toolchain arm-none-eabi/13.2 Rel1/bin/../lib/gcc/arm-none-eabi/13.2.1/thumb/v7e-m+fp/hard\libg_nano.a(libc_a-printf.o)
                0x10004ed0                iprintf
                0x10004ed0                printf
 .text._puts_r  0x10004ef4       0xaa C:/Program Files (x86)/Arm GNU Toolchain arm-none-eabi/13.2 Rel1/bin/../lib/gcc/arm-none-eabi/13.2.1/thumb/v7e-m+fp/hard\libg_nano.a(libc_a-puts.o)
                0x10004ef4                _puts_r
 *fill*         0x10004f9e        0x2 
 .text.puts     0x10004fa0       0x10 C:/Program Files (x86)/Arm GNU Toolchain arm-none-eabi/13.2 Rel1/bin/../lib/gcc/arm-none-eabi/13.2.1/thumb/v7e-m+fp/hard\libg_nano.a(libc_a-puts.o)
                0x10004fa0                puts
 .text.__swbuf_r
                0x10004fb0       0x7c C:/Program Files (x86)/Arm GNU Toolchain arm-none-eabi/13.2 Rel1/bin/../lib/gcc/arm-none-eabi/13.2.1/thumb/v7e-m+fp/hard\libg_nano.a(libc_a-wbuf.o)
                0x10004fb0                __swbuf_r
 .text.__swsetup_r
                0x1000502c       0xac C:/Program Files (x86)/Arm GNU Toolchain arm-none-eabi/13.2 Rel1/bin/../lib/gcc/arm-none-eabi/13.2.1/thumb/v7e-m+fp/hard\libg_nano.a(libc_a-wsetup.o)
                0x1000502c                __swsetup_r
 .text.__errno  0x100050d8        0xc C:/Program Files (x86)/Arm GNU Toolchain arm-none-eabi/13.2 Rel1/bin/../lib/gcc/arm-none-eabi/13.2.1/thumb/v7e-m+fp/hard\libg_nano.a(libc_a-errno.o)
                0x100050d8                __errno
 .text.memcpy   0x100050e4       0x1c C:/Program Files (x86)/Arm GNU Toolchain arm-none-eabi/13.2 Rel1/bin/../lib/gcc/arm-none-eabi/13.2.1/thumb/v7e-m+fp/hard\libg_nano.a(libc_a-memcpy-stub.o)
                0x100050e4                memcpy
 .text.__sfputc_r
                0x10005100       0x2e C:/Program Files (x86)/Arm GNU Toolchain arm-none-eabi/13.2 Rel1/bin/../lib/gcc/arm-none-eabi/13.2.1/thumb/v7e-m+fp/hard\libg_nano.a(libc_a-nano-vfprintf.o)
 .text.__sfputs_r
                0x1000512e       0x24 C:/Program Files (x86)/Arm GNU Toolchain arm-none-eabi/13.2 Rel1/bin/../lib/gcc/arm-none-eabi/13.2.1/thumb/v7e-m+fp/hard\libg_nano.a(libc_a-nano-vfprintf.o)
                0x1000512e                __sfputs_r
 *fill*         0x10005152        0x2 
 .text._vfprintf_r
                0x10005154      0x230 C:/Program Files (x86)/Arm GNU Toolchain arm-none-eabi/13.2 Rel1/bin/../lib/gcc/arm-none-eabi/13.2.1/thumb/v7e-m+fp/hard\libg_nano.a(libc_a-nano-vfprintf.o)
                0x10005154                _vfprintf_r
                0x10005154                _vfiprintf_r
 .text._printf_common
                0x10005384       0xda C:/Program Files (x86)/Arm GNU Toolchain arm-none-eabi/13.2 Rel1/bin/../lib/gcc/arm-none-eabi/13.2.1/thumb/v7e-m+fp/hard\libg_nano.a(libc_a-nano-vfprintf_i.o)
                0x10005384                _printf_common
 *fill*         0x1000545e        0x2 
 .text._printf_i
                0x10005460      0x23c C:/Program Files (x86)/Arm GNU Toolchain arm-none-eabi/13.2 Rel1/bin/../lib/gcc/arm-none-eabi/13.2.1/thumb/v7e-m+fp/hard\libg_nano.a(libc_a-nano-vfprintf_i.o)
                0x10005460                _printf_i
 .text.__swhatbuf_r
                0x1000569c       0x4c C:/Program Files (x86)/Arm GNU Toolchain arm-none-eabi/13.2 Rel1/bin/../lib/gcc/arm-none-eabi/13.2.1/thumb/v7e-m+fp/hard\libg_nano.a(libc_a-makebuf.o)
                0x1000569c                __swhatbuf_r
 .text.__smakebuf_r
                0x100056e8       0x78 C:/Program Files (x86)/Arm GNU Toolchain arm-none-eabi/13.2 Rel1/bin/../lib/gcc/arm-none-eabi/13.2.1/thumb/v7e-m+fp/hard\libg_nano.a(libc_a-makebuf.o)
                0x100056e8                __smakebuf_r
 .text._fstat_r
                0x10005760       0x24 C:/Program Files (x86)/Arm GNU Toolchain arm-none-eabi/13.2 Rel1/bin/../lib/gcc/arm-none-eabi/13.2.1/thumb/v7e-m+fp/hard\libg_nano.a(libc_a-fstatr.o)
                0x10005760                _fstat_r
 .text._isatty_r
                0x10005784       0x20 C:/Program Files (x86)/Arm GNU Toolchain arm-none-eabi/13.2 Rel1/bin/../lib/gcc/arm-none-eabi/13.2.1/thumb/v7e-m+fp/hard\libg_nano.a(libc_a-isattyr.o)
                0x10005784                _isatty_r
 *(.glue_7)
 .glue_7        0x100057a4        0x0 linker stubs
 *(.glue_7t)
 .glue_7t       0x100057a4        0x0 linker stubs
 *(.eh_frame)
 .eh_frame      0x100057a4        0x0 C:/Program Files (x86)/Arm GNU Toolchain arm-none-eabi/13.2 Rel1/bin/../lib/gcc/arm-none-eabi/13.2.1/thumb/v7e-m+fp/hard/crtbegin.o
 *(.init)
 .init          0x100057a4        0x4 C:/Program Files (x86)/Arm GNU Toolchain arm-none-eabi/13.2 Rel1/bin/../lib/gcc/arm-none-eabi/13.2.1/thumb/v7e-m+fp/hard/crti.o
                0x100057a4                _init
 .init          0x100057a8        0x8 C:/Program Files (x86)/Arm GNU Toolchain arm-none-eabi/13.2 Rel1/bin/../lib/gcc/arm-none-eabi/13.2.1/thumb/v7e-m+fp/hard/crtn.o
 *(.fini)
 .fini          0x100057b0        0x4 C:/Program Files (x86)/Arm GNU Toolchain arm-none-eabi/13.2 Rel1/bin/../lib/gcc/arm-none-eabi/13.2.1/thumb/v7e-m+fp/hard/crti.o
                0x100057b0                _fini
 .fini          0x100057b4        0x8 C:/Program Files (x86)/Arm GNU Toolchain arm-none-eabi/13.2 Rel1/bin/../lib/gcc/arm-none-eabi/13.2.1/thumb/v7e-m+fp/hard/crtn.o
                0x100057bc                        . = ALIGN (0x4)
                0x100057bc                        _etext = .

.vfp11_veneer   0x100057bc        0x0
 .vfp11_veneer  0x100057bc        0x0 linker stubs

.v4_bx          0x100057bc        0x0
 .v4_bx         0x100057bc        0x0 linker stubs

.iplt           0x100057bc        0x0
 .iplt          0x100057bc        0x0 C:/Program Files (x86)/Arm GNU Toolchain arm-none-eabi/13.2 Rel1/bin/../lib/gcc/arm-none-eabi/13.2.1/thumb/v7e-m+fp/hard/crtbegin.o

.startup_copro_fw.Reset_Handler
                0x100057bc       0x50
 .startup_copro_fw.Reset_Handler
                0x100057bc       0x50 CMakeFiles/pocat_moon_sw.elf.dir/c/Users/34684/Desktop/PAE/Nanosat/Software/Project/CM4/Core/Startup/startup_stm32mp157facx.s.obj
                0x100057bc                Reset_Handler

.rodata         0x1000580c      0x268
                0x1000580c                        . = ALIGN (0x4)
 *(.rodata)
 *(.rodata*)
 .rodata.vTaskStartScheduler.str1.4
                0x1000580c      0x134 CMakeFiles/pocat_moon_sw.elf.dir/c/Users/34684/Desktop/PAE/Nanosat/Software/Project/CM4/Middlewares/Third_Party/FreeRTOS/tasks.c.obj
                                  0x5 (size before relaxing)
 .rodata.testing_handler.str1.4
                0x10005940        0x3 CMakeFiles/pocat_moon_sw.elf.dir/c/Users/34684/Desktop/PAE/Nanosat/Software/Project/CM4/Application/Src/Services/Events/Handlers/evt_comms_handlers.c.obj
 .rodata.evt_cfg_lut
                0x10005940       0x60 CMakeFiles/pocat_moon_sw.elf.dir/c/Users/34684/Desktop/PAE/Nanosat/Software/Project/CM4/Application/Src/Services/Events/evt_tables.c.obj
                0x10005940                evt_cfg_lut
 .rodata.evt_health_handlers
                0x100059a0       0x10 CMakeFiles/pocat_moon_sw.elf.dir/c/Users/34684/Desktop/PAE/Nanosat/Software/Project/CM4/Application/Src/Services/Events/evt_tables.c.obj
 .rodata.evt_adcs_handlers
                0x100059b0       0x10 CMakeFiles/pocat_moon_sw.elf.dir/c/Users/34684/Desktop/PAE/Nanosat/Software/Project/CM4/Application/Src/Services/Events/evt_tables.c.obj
 .rodata.evt_obdh_handlers
                0x100059c0       0x10 CMakeFiles/pocat_moon_sw.elf.dir/c/Users/34684/Desktop/PAE/Nanosat/Software/Project/CM4/Application/Src/Services/Events/evt_tables.c.obj
 .rodata.evt_eps_handlers
                0x100059d0       0x20 CMakeFiles/pocat_moon_sw.elf.dir/c/Users/34684/Desktop/PAE/Nanosat/Software/Project/CM4/Application/Src/Services/Events/evt_tables.c.obj
 .rodata.evt_telecommand_handlers
                0x100059f0       0x30 CMakeFiles/pocat_moon_sw.elf.dir/c/Users/34684/Desktop/PAE/Nanosat/Software/Project/CM4/Application/Src/Services/Events/evt_tables.c.obj
 .rodata.evt_payload_handlers
                0x10005a20       0x20 CMakeFiles/pocat_moon_sw.elf.dir/c/Users/34684/Desktop/PAE/Nanosat/Software/Project/CM4/Application/Src/Services/Events/evt_tables.c.obj
 .rodata.create_tasks.str1.4
                0x10005a40       0x2b CMakeFiles/pocat_moon_sw.elf.dir/c/Users/34684/Desktop/PAE/Nanosat/Software/Project/CM4/Application/Src/Services/Manager/obc_manager.c.obj
 .rodata.setup_obc.str1.4
                0x10005a40       0x12 CMakeFiles/pocat_moon_sw.elf.dir/c/Users/34684/Desktop/PAE/Nanosat/Software/Project/CM4/Application/Src/Services/Manager/obc_manager.c.obj
 .rodata.process_obc.str1.4
                0x10005a40       0x12 CMakeFiles/pocat_moon_sw.elf.dir/c/Users/34684/Desktop/PAE/Nanosat/Software/Project/CM4/Application/Src/Services/Manager/obc_manager.c.obj
 .rodata.setup_comms.str1.4
                0x10005a40       0x14 CMakeFiles/pocat_moon_sw.elf.dir/c/Users/34684/Desktop/PAE/Nanosat/Software/Project/CM4/Application/Src/Subsystems/comms.c.obj
 .rodata.setup_eps.str1.4
                0x10005a40       0x12 CMakeFiles/pocat_moon_sw.elf.dir/c/Users/34684/Desktop/PAE/Nanosat/Software/Project/CM4/Application/Src/Subsystems/eps.c.obj
 .rodata.process_eps.str1.4
                0x10005a40       0x12 CMakeFiles/pocat_moon_sw.elf.dir/c/Users/34684/Desktop/PAE/Nanosat/Software/Project/CM4/Application/Src/Subsystems/eps.c.obj
 .rodata.setup_health.str1.4
                0x10005a40       0x15 CMakeFiles/pocat_moon_sw.elf.dir/c/Users/34684/Desktop/PAE/Nanosat/Software/Project/CM4/Application/Src/Subsystems/health.c.obj
 .rodata.process_health.str1.4
                0x10005a40       0x15 CMakeFiles/pocat_moon_sw.elf.dir/c/Users/34684/Desktop/PAE/Nanosat/Software/Project/CM4/Application/Src/Subsystems/health.c.obj
 .rodata.setup_obdh.str1.4
                0x10005a40       0x13 CMakeFiles/pocat_moon_sw.elf.dir/c/Users/34684/Desktop/PAE/Nanosat/Software/Project/CM4/Application/Src/Subsystems/obdh.c.obj
 .rodata.process_obdh.str1.4
                0x10005a40       0x13 CMakeFiles/pocat_moon_sw.elf.dir/c/Users/34684/Desktop/PAE/Nanosat/Software/Project/CM4/Application/Src/Subsystems/obdh.c.obj
 .rodata.main.str1.4
                0x10005a40       0x40 CMakeFiles/pocat_moon_sw.elf.dir/c/Users/34684/Desktop/PAE/Nanosat/Software/Project/CM4/Core/Src/main.c.obj
 .rodata._vfprintf_r.str1.1
                0x10005a40       0x33 C:/Program Files (x86)/Arm GNU Toolchain arm-none-eabi/13.2 Rel1/bin/../lib/gcc/arm-none-eabi/13.2.1/thumb/v7e-m+fp/hard\libg_nano.a(libc_a-nano-vfprintf.o)
                                 0x11 (size before relaxing)
 .rodata._printf_i.str1.1
                0x10005a73       0x22 C:/Program Files (x86)/Arm GNU Toolchain arm-none-eabi/13.2 Rel1/bin/../lib/gcc/arm-none-eabi/13.2.1/thumb/v7e-m+fp/hard\libg_nano.a(libc_a-nano-vfprintf_i.o)
                0x10005a98                        . = ALIGN (0x4)
 *fill*         0x10005a73        0x1 

.ARM.extab      0x10005a74        0x0
                0x10005a74                        . = ALIGN (0x4)
 *(.ARM.extab* .gnu.linkonce.armextab.*)
                0x10005a74                        . = ALIGN (0x4)

.ARM            0x10005a74        0x8
                0x10005a74                        . = ALIGN (0x4)
                0x10005a74                        __exidx_start = .
 *(.ARM.exidx*)
 .ARM.exidx     0x10005a74        0x8 C:/Program Files (x86)/Arm GNU Toolchain arm-none-eabi/13.2 Rel1/bin/../lib/gcc/arm-none-eabi/13.2.1/thumb/v7e-m+fp/hard\libg_nano.a(libc_a-memchr.o)
                0x10005a7c                        __exidx_end = .
                0x10005a7c                        . = ALIGN (0x4)

.preinit_array  0x10005a7c        0x0
                0x10005a7c                        . = ALIGN (0x4)
                0x10005a7c                        PROVIDE (__preinit_array_start = .)
 *(.preinit_array*)
                0x10005a7c                        PROVIDE (__preinit_array_end = .)
                0x10005a7c                        . = ALIGN (0x4)

.init_array     0x10005a7c        0x4
                0x10005a7c                        . = ALIGN (0x4)
                0x10005a7c                        PROVIDE (__init_array_start = .)
 *(SORT_BY_NAME(.init_array.*))
 *(.init_array*)
 .init_array    0x10005a7c        0x4 C:/Program Files (x86)/Arm GNU Toolchain arm-none-eabi/13.2 Rel1/bin/../lib/gcc/arm-none-eabi/13.2.1/thumb/v7e-m+fp/hard/crtbegin.o
                0x10005a80                        PROVIDE (__init_array_end = .)
                0x10005a80                        . = ALIGN (0x4)

.fini_array     0x10005a80        0x4
                0x10005a80                        . = ALIGN (0x4)
                [!provide]                        PROVIDE (__fini_array_start = .)
 *(SORT_BY_NAME(.fini_array.*))
 *(.fini_array*)
 .fini_array    0x10005a80        0x4 C:/Program Files (x86)/Arm GNU Toolchain arm-none-eabi/13.2 Rel1/bin/../lib/gcc/arm-none-eabi/13.2.1/thumb/v7e-m+fp/hard/crtbegin.o
                [!provide]                        PROVIDE (__fini_array_end = .)
                0x10005a84                        . = ALIGN (0x4)
                0x10005a84                        __DATA_ROM = .
                0x10005a84                        _sidata = LOADADDR (.data)

.rel.dyn        0x10005a84        0x0
 .rel.iplt      0x10005a84        0x0 C:/Program Files (x86)/Arm GNU Toolchain arm-none-eabi/13.2 Rel1/bin/../lib/gcc/arm-none-eabi/13.2.1/thumb/v7e-m+fp/hard/crtbegin.o

.data           0x10020000       0x6c load address 0x10005a84
                0x10020000                        . = ALIGN (0x4)
                0x10020000                        _sdata = .
 *(.data)
 *(.data*)
 .data.__sglue  0x10020000        0xc C:/Program Files (x86)/Arm GNU Toolchain arm-none-eabi/13.2 Rel1/bin/../lib/gcc/arm-none-eabi/13.2.1/thumb/v7e-m+fp/hard\libc_nano.a(libc_a-findfp.o)
                0x10020000                __sglue
 .data._impure_ptr
                0x1002000c        0x4 C:/Program Files (x86)/Arm GNU Toolchain arm-none-eabi/13.2 Rel1/bin/../lib/gcc/arm-none-eabi/13.2.1/thumb/v7e-m+fp/hard\libc_nano.a(libc_a-impure.o)
                0x1002000c                _impure_ptr
 .data._impure_data
                0x10020010       0x4c C:/Program Files (x86)/Arm GNU Toolchain arm-none-eabi/13.2 Rel1/bin/../lib/gcc/arm-none-eabi/13.2.1/thumb/v7e-m+fp/hard\libc_nano.a(libc_a-impure.o)
                0x10020010                _impure_data
 .data.uwTickFreq
                0x1002005c        0x1 CMakeFiles/pocat_moon_sw.elf.dir/c/Users/34684/Desktop/PAE/Nanosat/Software/Project/CM4/Drivers/STM32MP1xx_HAL_Driver/Src/stm32mp1xx_hal.c.obj
                0x1002005c                uwTickFreq
 *fill*         0x1002005d        0x3 
 .data.uwTickPrio
                0x10020060        0x4 CMakeFiles/pocat_moon_sw.elf.dir/c/Users/34684/Desktop/PAE/Nanosat/Software/Project/CM4/Drivers/STM32MP1xx_HAL_Driver/Src/stm32mp1xx_hal.c.obj
                0x10020060                uwTickPrio
 .data.SystemCoreClock
                0x10020064        0x4 CMakeFiles/pocat_moon_sw.elf.dir/c/Users/34684/Desktop/PAE/Nanosat/Software/Project/CM4/Common/System/system_stm32mp1xx.c.obj
                0x10020064                SystemCoreClock
 .data.uxCriticalNesting
                0x10020068        0x4 CMakeFiles/pocat_moon_sw.elf.dir/c/Users/34684/Desktop/PAE/Nanosat/Software/Project/CM4/Middlewares/Third_Party/FreeRTOS/portable/GCC/ARM_CM4F/port.c.obj
                0x1002006c                        . = ALIGN (0x4)
                0x1002006c                        _edata = .
                0x10005af0                        __DATA_END = (__DATA_ROM + (_edata - _sdata))
                0x10020000                        text_end = (ORIGIN (SRAM1_text) + LENGTH (SRAM1_text))
                0x00000001                        ASSERT ((__DATA_END <= text_end), region SRAM1_text overflowed with text and data)

.tm_clone_table
                0x1002006c        0x0 load address 0x10005af0
 .tm_clone_table
                0x1002006c        0x0 C:/Program Files (x86)/Arm GNU Toolchain arm-none-eabi/13.2 Rel1/bin/../lib/gcc/arm-none-eabi/13.2.1/thumb/v7e-m+fp/hard/crtbegin.o
 .tm_clone_table
                0x1002006c        0x0 C:/Program Files (x86)/Arm GNU Toolchain arm-none-eabi/13.2 Rel1/bin/../lib/gcc/arm-none-eabi/13.2.1/thumb/v7e-m+fp/hard/crtend.o

.igot.plt       0x1002006c        0x0 load address 0x10005af0
 .igot.plt      0x1002006c        0x0 C:/Program Files (x86)/Arm GNU Toolchain arm-none-eabi/13.2 Rel1/bin/../lib/gcc/arm-none-eabi/13.2.1/thumb/v7e-m+fp/hard/crtbegin.o

.resource_table
                0x1002006c        0x0
                0x1002006c                        . = ALIGN (0x4)
 *(.resource_table*)
                0x1002006c                        . = ALIGN (0x4)
                0x1002006c                        . = ALIGN (0x4)

.bss            0x10020070    0x12444 load address 0x10005af8
                0x10020070                        _sbss = .
                0x10020070                        __bss_start__ = _sbss
 *(.bss)
 *(.bss*)
 .bss.completed.1
                0x10020070        0x1 C:/Program Files (x86)/Arm GNU Toolchain arm-none-eabi/13.2 Rel1/bin/../lib/gcc/arm-none-eabi/13.2.1/thumb/v7e-m+fp/hard/crtbegin.o
 *fill*         0x10020071        0x3 
 .bss.object.0  0x10020074       0x18 C:/Program Files (x86)/Arm GNU Toolchain arm-none-eabi/13.2 Rel1/bin/../lib/gcc/arm-none-eabi/13.2.1/thumb/v7e-m+fp/hard/crtbegin.o
 .bss.__sf      0x1002008c      0x138 C:/Program Files (x86)/Arm GNU Toolchain arm-none-eabi/13.2 Rel1/bin/../lib/gcc/arm-none-eabi/13.2.1/thumb/v7e-m+fp/hard\libc_nano.a(libc_a-findfp.o)
                0x1002008c                __sf
 .bss.__stdio_exit_handler
                0x100201c4        0x4 C:/Program Files (x86)/Arm GNU Toolchain arm-none-eabi/13.2 Rel1/bin/../lib/gcc/arm-none-eabi/13.2.1/thumb/v7e-m+fp/hard\libc_nano.a(libc_a-findfp.o)
                0x100201c4                __stdio_exit_handler
 .bss.errno     0x100201c8        0x4 C:/Program Files (x86)/Arm GNU Toolchain arm-none-eabi/13.2 Rel1/bin/../lib/gcc/arm-none-eabi/13.2.1/thumb/v7e-m+fp/hard\libc_nano.a(libc_a-reent.o)
                0x100201c8                errno
 .bss.__lock___malloc_recursive_mutex
                0x100201cc        0x1 C:/Program Files (x86)/Arm GNU Toolchain arm-none-eabi/13.2 Rel1/bin/../lib/gcc/arm-none-eabi/13.2.1/thumb/v7e-m+fp/hard\libc_nano.a(libc_a-lock.o)
                0x100201cc                __lock___malloc_recursive_mutex
 .bss.__lock___sfp_recursive_mutex
                0x100201cd        0x1 C:/Program Files (x86)/Arm GNU Toolchain arm-none-eabi/13.2 Rel1/bin/../lib/gcc/arm-none-eabi/13.2.1/thumb/v7e-m+fp/hard\libc_nano.a(libc_a-lock.o)
                0x100201cd                __lock___sfp_recursive_mutex
 *fill*         0x100201ce        0x2 
 .bss.__malloc_sbrk_start
                0x100201d0        0x4 C:/Program Files (x86)/Arm GNU Toolchain arm-none-eabi/13.2 Rel1/bin/../lib/gcc/arm-none-eabi/13.2.1/thumb/v7e-m+fp/hard\libc_nano.a(libc_a-mallocr.o)
                0x100201d0                __malloc_sbrk_start
 .bss.__malloc_free_list
                0x100201d4        0x4 C:/Program Files (x86)/Arm GNU Toolchain arm-none-eabi/13.2 Rel1/bin/../lib/gcc/arm-none-eabi/13.2.1/thumb/v7e-m+fp/hard\libc_nano.a(libc_a-mallocr.o)
                0x100201d4                __malloc_free_list
 .bss.uwTick    0x100201d8        0x4 CMakeFiles/pocat_moon_sw.elf.dir/c/Users/34684/Desktop/PAE/Nanosat/Software/Project/CM4/Drivers/STM32MP1xx_HAL_Driver/Src/stm32mp1xx_hal.c.obj
                0x100201d8                uwTick
 .bss.ulTotalRunTime
                0x100201dc        0x4 CMakeFiles/pocat_moon_sw.elf.dir/c/Users/34684/Desktop/PAE/Nanosat/Software/Project/CM4/Middlewares/Third_Party/FreeRTOS/tasks.c.obj
 .bss.ulTaskSwitchedInTime
                0x100201e0        0x4 CMakeFiles/pocat_moon_sw.elf.dir/c/Users/34684/Desktop/PAE/Nanosat/Software/Project/CM4/Middlewares/Third_Party/FreeRTOS/tasks.c.obj
 .bss.uxSchedulerSuspended
                0x100201e4        0x4 CMakeFiles/pocat_moon_sw.elf.dir/c/Users/34684/Desktop/PAE/Nanosat/Software/Project/CM4/Middlewares/Third_Party/FreeRTOS/tasks.c.obj
 .bss.xIdleTaskHandle
                0x100201e8        0x4 CMakeFiles/pocat_moon_sw.elf.dir/c/Users/34684/Desktop/PAE/Nanosat/Software/Project/CM4/Middlewares/Third_Party/FreeRTOS/tasks.c.obj
 .bss.xNextTaskUnblockTime
                0x100201ec        0x4 CMakeFiles/pocat_moon_sw.elf.dir/c/Users/34684/Desktop/PAE/Nanosat/Software/Project/CM4/Middlewares/Third_Party/FreeRTOS/tasks.c.obj
 .bss.uxTaskNumber
                0x100201f0        0x4 CMakeFiles/pocat_moon_sw.elf.dir/c/Users/34684/Desktop/PAE/Nanosat/Software/Project/CM4/Middlewares/Third_Party/FreeRTOS/tasks.c.obj
 .bss.xNumOfOverflows
                0x100201f4        0x4 CMakeFiles/pocat_moon_sw.elf.dir/c/Users/34684/Desktop/PAE/Nanosat/Software/Project/CM4/Middlewares/Third_Party/FreeRTOS/tasks.c.obj
 .bss.xYieldPending
                0x100201f8        0x4 CMakeFiles/pocat_moon_sw.elf.dir/c/Users/34684/Desktop/PAE/Nanosat/Software/Project/CM4/Middlewares/Third_Party/FreeRTOS/tasks.c.obj
 .bss.xPendedTicks
                0x100201fc        0x4 CMakeFiles/pocat_moon_sw.elf.dir/c/Users/34684/Desktop/PAE/Nanosat/Software/Project/CM4/Middlewares/Third_Party/FreeRTOS/tasks.c.obj
 .bss.xSchedulerRunning
                0x10020200        0x4 CMakeFiles/pocat_moon_sw.elf.dir/c/Users/34684/Desktop/PAE/Nanosat/Software/Project/CM4/Middlewares/Third_Party/FreeRTOS/tasks.c.obj
 .bss.uxTopReadyPriority
                0x10020204        0x4 CMakeFiles/pocat_moon_sw.elf.dir/c/Users/34684/Desktop/PAE/Nanosat/Software/Project/CM4/Middlewares/Third_Party/FreeRTOS/tasks.c.obj
 .bss.xTickCount
                0x10020208        0x4 CMakeFiles/pocat_moon_sw.elf.dir/c/Users/34684/Desktop/PAE/Nanosat/Software/Project/CM4/Middlewares/Third_Party/FreeRTOS/tasks.c.obj
 .bss.uxCurrentNumberOfTasks
                0x1002020c        0x4 CMakeFiles/pocat_moon_sw.elf.dir/c/Users/34684/Desktop/PAE/Nanosat/Software/Project/CM4/Middlewares/Third_Party/FreeRTOS/tasks.c.obj
 .bss.xSuspendedTaskList
                0x10020210       0x14 CMakeFiles/pocat_moon_sw.elf.dir/c/Users/34684/Desktop/PAE/Nanosat/Software/Project/CM4/Middlewares/Third_Party/FreeRTOS/tasks.c.obj
 .bss.uxDeletedTasksWaitingCleanUp
                0x10020224        0x4 CMakeFiles/pocat_moon_sw.elf.dir/c/Users/34684/Desktop/PAE/Nanosat/Software/Project/CM4/Middlewares/Third_Party/FreeRTOS/tasks.c.obj
 .bss.xTasksWaitingTermination
                0x10020228       0x14 CMakeFiles/pocat_moon_sw.elf.dir/c/Users/34684/Desktop/PAE/Nanosat/Software/Project/CM4/Middlewares/Third_Party/FreeRTOS/tasks.c.obj
 .bss.xPendingReadyList
                0x1002023c       0x14 CMakeFiles/pocat_moon_sw.elf.dir/c/Users/34684/Desktop/PAE/Nanosat/Software/Project/CM4/Middlewares/Third_Party/FreeRTOS/tasks.c.obj
 .bss.pxOverflowDelayedTaskList
                0x10020250        0x4 CMakeFiles/pocat_moon_sw.elf.dir/c/Users/34684/Desktop/PAE/Nanosat/Software/Project/CM4/Middlewares/Third_Party/FreeRTOS/tasks.c.obj
 .bss.pxDelayedTaskList
                0x10020254        0x4 CMakeFiles/pocat_moon_sw.elf.dir/c/Users/34684/Desktop/PAE/Nanosat/Software/Project/CM4/Middlewares/Third_Party/FreeRTOS/tasks.c.obj
 .bss.xDelayedTaskList2
                0x10020258       0x14 CMakeFiles/pocat_moon_sw.elf.dir/c/Users/34684/Desktop/PAE/Nanosat/Software/Project/CM4/Middlewares/Third_Party/FreeRTOS/tasks.c.obj
 .bss.xDelayedTaskList1
                0x1002026c       0x14 CMakeFiles/pocat_moon_sw.elf.dir/c/Users/34684/Desktop/PAE/Nanosat/Software/Project/CM4/Middlewares/Third_Party/FreeRTOS/tasks.c.obj
 .bss.pxReadyTasksLists
                0x10020280       0xb4 CMakeFiles/pocat_moon_sw.elf.dir/c/Users/34684/Desktop/PAE/Nanosat/Software/Project/CM4/Middlewares/Third_Party/FreeRTOS/tasks.c.obj
 .bss.pxCurrentTCB
                0x10020334        0x4 CMakeFiles/pocat_moon_sw.elf.dir/c/Users/34684/Desktop/PAE/Nanosat/Software/Project/CM4/Middlewares/Third_Party/FreeRTOS/tasks.c.obj
                0x10020334                pxCurrentTCB
 .bss.ulMaxPRIGROUPValue
                0x10020338        0x4 CMakeFiles/pocat_moon_sw.elf.dir/c/Users/34684/Desktop/PAE/Nanosat/Software/Project/CM4/Middlewares/Third_Party/FreeRTOS/portable/GCC/ARM_CM4F/port.c.obj
 .bss.ucMaxSysCallPriority
                0x1002033c        0x1 CMakeFiles/pocat_moon_sw.elf.dir/c/Users/34684/Desktop/PAE/Nanosat/Software/Project/CM4/Middlewares/Third_Party/FreeRTOS/portable/GCC/ARM_CM4F/port.c.obj
 *fill*         0x1002033d        0x3 
 .bss.xBlockAllocatedBit
                0x10020340        0x4 CMakeFiles/pocat_moon_sw.elf.dir/c/Users/34684/Desktop/PAE/Nanosat/Software/Project/CM4/Middlewares/Third_Party/FreeRTOS/portable/MemMang/heap_4.c.obj
 .bss.xNumberOfSuccessfulFrees
                0x10020344        0x4 CMakeFiles/pocat_moon_sw.elf.dir/c/Users/34684/Desktop/PAE/Nanosat/Software/Project/CM4/Middlewares/Third_Party/FreeRTOS/portable/MemMang/heap_4.c.obj
 .bss.xNumberOfSuccessfulAllocations
                0x10020348        0x4 CMakeFiles/pocat_moon_sw.elf.dir/c/Users/34684/Desktop/PAE/Nanosat/Software/Project/CM4/Middlewares/Third_Party/FreeRTOS/portable/MemMang/heap_4.c.obj
 .bss.xMinimumEverFreeBytesRemaining
                0x1002034c        0x4 CMakeFiles/pocat_moon_sw.elf.dir/c/Users/34684/Desktop/PAE/Nanosat/Software/Project/CM4/Middlewares/Third_Party/FreeRTOS/portable/MemMang/heap_4.c.obj
 .bss.xFreeBytesRemaining
                0x10020350        0x4 CMakeFiles/pocat_moon_sw.elf.dir/c/Users/34684/Desktop/PAE/Nanosat/Software/Project/CM4/Middlewares/Third_Party/FreeRTOS/portable/MemMang/heap_4.c.obj
 .bss.pxEnd     0x10020354        0x4 CMakeFiles/pocat_moon_sw.elf.dir/c/Users/34684/Desktop/PAE/Nanosat/Software/Project/CM4/Middlewares/Third_Party/FreeRTOS/portable/MemMang/heap_4.c.obj